Component: ARM Compiler 6.12 Tool: armlink [5d624300]

==============================================================================

Section Cross References

    main.o(.text.main) refers to uart.o(.text.Usart_Config) for Usart_Config
    main.o(.text.main) refers to uart.o(.text.Usart_Send_String) for Usart_Send_String
    main.o(.text.main) refers to uart.o(.text.Usart_CheckFlag) for Usart_CheckFlag
    main.o(.text.main) refers to main.o(.text.loraHandle) for loraHandle
    main.o(.ARM.exidx.text.main) refers to main.o(.text.main) for [Anonymous Symbol]
    main.o(.text.loraHandle) refers to uart.o(.text.Usart_Send_Char) for Usart_Send_Char
    main.o(.text.loraHandle) refers to rt_memcpy_v6.o(.text) for __aeabi_memcpy
    main.o(.text.loraHandle) refers to lora.o(.text.loRaDecodeFrame) for loRaDecodeFrame
    main.o(.text.loraHandle) refers to lora_ota.o(.text.otaNodeInit) for otaNodeInit
    main.o(.text.loraHandle) refers to lora_ota.o(.text.loRaOtaReceiveHandler) for loRaOtaReceiveHandler
    main.o(.text.loraHandle) refers to fflt_clz.o(x$fpl$fflt) for __aeabi_i2f
    main.o(.text.loraHandle) refers to uart.o(.text.Usart_SendNumber) for Usart_SendNumber
    main.o(.text.loraHandle) refers to fflt_clz.o(x$fpl$ffltu) for __aeabi_ui2f
    main.o(.text.loraHandle) refers to lora.o(.bss.lora_fsm_frame) for lora_fsm_frame
    main.o(.text.loraHandle) refers to main.o(.bss.firmware_receive_buffer) for firmware_receive_buffer
    main.o(.ARM.exidx.text.loraHandle) refers to main.o(.text.loraHandle) for [Anonymous Symbol]
    uart.o(.text.fputc) refers to uart.o(.text.Usart_Send_Char) for Usart_Send_Char
    uart.o(.ARM.exidx.text.fputc) refers to uart.o(.text.fputc) for [Anonymous Symbol]
    uart.o(.text.Usart_Send_Char) refers to stm32f10x_usart.o(.text.USART_SendData) for USART_SendData
    uart.o(.text.Usart_Send_Char) refers to stm32f10x_usart.o(.text.USART_GetFlagStatus) for USART_GetFlagStatus
    uart.o(.ARM.exidx.text.Usart_Send_Char) refers to uart.o(.text.Usart_Send_Char) for [Anonymous Symbol]
    uart.o(.text.Pin_Config) refers to stm32f10x_rcc.o(.text.RCC_APB2PeriphClockCmd) for RCC_APB2PeriphClockCmd
    uart.o(.text.Pin_Config) refers to stm32f10x_gpio.o(.text.GPIO_PinRemapConfig) for GPIO_PinRemapConfig
    uart.o(.text.Pin_Config) refers to stm32f10x_gpio.o(.text.GPIO_Init) for GPIO_Init
    uart.o(.ARM.exidx.text.Pin_Config) refers to uart.o(.text.Pin_Config) for [Anonymous Symbol]
    uart.o(.text.Usart_Config) refers to stm32f10x_rcc.o(.text.RCC_APB2PeriphClockCmd) for RCC_APB2PeriphClockCmd
    uart.o(.text.Usart_Config) refers to uart.o(.text.Pin_Config) for Pin_Config
    uart.o(.text.Usart_Config) refers to stm32f10x_usart.o(.text.USART_Cmd) for USART_Cmd
    uart.o(.text.Usart_Config) refers to stm32f10x_usart.o(.text.USART_Init) for USART_Init
    uart.o(.text.Usart_Config) refers to stm32f10x_usart.o(.text.USART_ITConfig) for USART_ITConfig
    uart.o(.ARM.exidx.text.Usart_Config) refers to uart.o(.text.Usart_Config) for [Anonymous Symbol]
    uart.o(.text.Usart_Send_Uint16) refers to uart.o(.text.Usart_Send_Char) for Usart_Send_Char
    uart.o(.ARM.exidx.text.Usart_Send_Uint16) refers to uart.o(.text.Usart_Send_Uint16) for [Anonymous Symbol]
    uart.o(.text.Usart_Send_String) refers to uart.o(.text.Usart_Send_Char) for Usart_Send_Char
    uart.o(.ARM.exidx.text.Usart_Send_String) refers to uart.o(.text.Usart_Send_String) for [Anonymous Symbol]
    uart.o(.text.Usart_SendNumber) refers to fcmp.o(x$fpl$fcmp) for __aeabi_fcmpge
    uart.o(.text.Usart_SendNumber) refers to uart.o(.text.Usart_Send_Char) for Usart_Send_Char
    uart.o(.text.Usart_SendNumber) refers to ffix.o(x$fpl$ffix) for __aeabi_f2iz
    uart.o(.text.Usart_SendNumber) refers to fflt_clz.o(x$fpl$fflt) for __aeabi_i2f
    uart.o(.text.Usart_SendNumber) refers to faddsub_clz.o(x$fpl$fsub) for __aeabi_fsub
    uart.o(.text.Usart_SendNumber) refers to fmul.o(x$fpl$fmul) for __aeabi_fmul
    uart.o(.text.Usart_SendNumber) refers to ffixu.o(x$fpl$ffixu) for __aeabi_f2uiz
    uart.o(.text.Usart_SendNumber) refers to fflt_clz.o(x$fpl$ffltu) for __aeabi_ui2f
    uart.o(.ARM.exidx.text.Usart_SendNumber) refers to uart.o(.text.Usart_SendNumber) for [Anonymous Symbol]
    uart.o(.text.USART1_IRQHandler) refers to stm32f10x_usart.o(.text.USART_GetITStatus) for USART_GetITStatus
    uart.o(.text.USART1_IRQHandler) refers to stm32f10x_usart.o(.text.USART_ReceiveData) for USART_ReceiveData
    uart.o(.text.USART1_IRQHandler) refers to lora.o(.text.loRaGetFsmFrame) for loRaGetFsmFrame
    uart.o(.text.USART1_IRQHandler) refers to uart.o(.text.Usart_Send_Char) for Usart_Send_Char
    uart.o(.text.USART1_IRQHandler) refers to lora.o(.text.loRaInitFsmFrame) for loRaInitFsmFrame
    uart.o(.text.USART1_IRQHandler) refers to stm32f10x_usart.o(.text.USART_ClearITPendingBit) for USART_ClearITPendingBit
    uart.o(.text.USART1_IRQHandler) refers to uart.o(.bss..L_MergedGlobals) for [Anonymous Symbol]
[...]
    __rtentry4.o(.ARM.Collect$$rtentry$$00000004) refers to sys_stackheap_outer.o(.text) for __user_setup_stackheap
    __rtentry4.o(.ARM.exidx) refers to __rtentry4.o(.ARM.Collect$$rtentry$$00000004) for .ARM.Collect$$rtentry$$00000004
    fcmpi.o(x$fpl$fcmpinf) refers (Special) to usenofp.o(x$fpl$usenofp) for __I$use$fp
    sys_stackheap_outer.o(.text) refers to libspace.o(.text) for __user_perproc_libspace
    sys_stackheap_outer.o(.text) refers to startup_stm32f10x_md.o(.text) for __user_initial_stackheap
    exit.o(.text) refers to rtexit.o(.ARM.Collect$$rtexit$$00000000) for __rt_exit
    libinit.o(.ARM.Collect$$libinit$$00000000) refers (Special) to libinit2.o(.ARM.Collect$$libinit$$0000002E) for __rt_lib_init_alloca_1
    libinit.o(.ARM.Collect$$libinit$$00000000) refers (Special) to libinit2.o(.ARM.Collect$$libinit$$0000002C) for __rt_lib_init_argv_1
    libinit.o(.ARM.Collect$$libinit$$00000000) refers (Special) to libinit2.o(.ARM.Collect$$libinit$$0000001B) for __rt_lib_init_atexit_1
    libinit.o(.ARM.Collect$$libinit$$00000000) refers (Special) to libinit2.o(.ARM.Collect$$libinit$$00000021) for __rt_lib_init_clock_1
    libinit.o(.ARM.Collect$$libinit$$00000000) refers (Special) to libinit2.o(.ARM.Collect$$libinit$$00000032) for __rt_lib_init_cpp_1
    libinit.o(.ARM.Collect$$libinit$$00000000) refers (Special) to libinit2.o(.ARM.Collect$$libinit$$00000030) for __rt_lib_init_exceptions_1
    libinit.o(.ARM.Collect$$libinit$$00000000) refers (Special) to libinit2.o(.ARM.Collect$$libinit$$00000002) for __rt_lib_init_fp_1
    libinit.o(.ARM.Collect$$libinit$$00000000) refers (Special) to libinit2.o(.ARM.Collect$$libinit$$0000001F) for __rt_lib_init_fp_trap_1
    libinit.o(.ARM.Collect$$libinit$$00000000) refers (Special) to libinit2.o(.ARM.Collect$$libinit$$00000023) for __rt_lib_init_getenv_1
    libinit.o(.ARM.Collect$$libinit$$00000000) refers (Special) to libinit2.o(.ARM.Collect$$libinit$$0000000A) for __rt_lib_init_heap_1
    libinit.o(.ARM.Collect$$libinit$$00000000) refers (Special) to libinit2.o(.ARM.Collect$$libinit$$00000011) for __rt_lib_init_lc_collate_1
    libinit.o(.ARM.Collect$$libinit$$00000000) refers (Special) to libinit2.o(.ARM.Collect$$libinit$$00000013) for __rt_lib_init_lc_ctype_1
    libinit.o(.ARM.Collect$$libinit$$00000000) refers (Special) to libinit2.o(.ARM.Collect$$libinit$$00000015) for __rt_lib_init_lc_monetary_1
    libinit.o(.ARM.Collect$$libinit$$00000000) refers (Special) to libinit2.o(.ARM.Collect$$libinit$$00000017) for __rt_lib_init_lc_numeric_1
    libinit.o(.ARM.Collect$$libinit$$00000000) refers (Special) to libinit2.o(.ARM.Collect$$libinit$$00000019) for __rt_lib_init_lc_time_1
    libinit.o(.ARM.Collect$$libinit$$00000000) refers (Special) to libinit2.o(.ARM.Collect$$libinit$$00000004) for __rt_lib_init_preinit_1
    libinit.o(.ARM.Collect$$libinit$$00000000) refers (Special) to libinit2.o(.ARM.Collect$$libinit$$0000000E) for __rt_lib_init_rand_1
    libinit.o(.ARM.Collect$$libinit$$00000000) refers (Special) to libinit2.o(.ARM.Collect$$libinit$$00000033) for __rt_lib_init_return
    libinit.o(.ARM.Collect$$libinit$$00000000) refers (Special) to libinit2.o(.ARM.Collect$$libinit$$0000001D) for __rt_lib_init_signal_1
    libinit.o(.ARM.Collect$$libinit$$00000000) refers (Special) to libinit2.o(.ARM.Collect$$libinit$$00000025) for __rt_lib_init_stdio_1
    libinit.o(.ARM.Collect$$libinit$$00000000) refers (Special) to libinit2.o(.ARM.Collect$$libinit$$0000000C) for __rt_lib_init_user_alloc_1
    libspace.o(.text) refers to libspace.o(.bss) for __libspace_start
    rtexit.o(.ARM.Collect$$rtexit$$00000000) refers (Special) to rtexit2.o(.ARM.Collect$$rtexit$$00000004) for __rt_exit_exit
    rtexit.o(.ARM.Collect$$rtexit$$00000000) refers (Special) to rtexit2.o(.ARM.Collect$$rtexit$$00000003) for __rt_exit_ls
    rtexit.o(.ARM.Collect$$rtexit$$00000000) refers (Special) to rtexit2.o(.ARM.Collect$$rtexit$$00000002) for __rt_exit_prels_1
    rtexit.o(.ARM.exidx) refers (Special) to rtexit2.o(.ARM.Collect$$rtexit$$00000004) for __rt_exit_exit
    rtexit.o(.ARM.exidx) refers (Special) to rtexit2.o(.ARM.Collect$$rtexit$$00000003) for __rt_exit_ls
    rtexit.o(.ARM.exidx) refers (Special) to rtexit2.o(.ARM.Collect$$rtexit$$00000002) for __rt_exit_prels_1
    rtexit.o(.ARM.exidx) refers to rtexit.o(.ARM.Collect$$rtexit$$00000000) for .ARM.Collect$$rtexit$$00000000
    libinit2.o(.ARM.Collect$$libinit$$00000010) refers to libinit2.o(.ARM.Collect$$libinit$$0000000F) for .ARM.Collect$$libinit$$0000000F
    libinit2.o(.ARM.Collect$$libinit$$00000012) refers to libinit2.o(.ARM.Collect$$libinit$$0000000F) for .ARM.Collect$$libinit$$0000000F
    libinit2.o(.ARM.Collect$$libinit$$00000014) refers to libinit2.o(.ARM.Collect$$libinit$$0000000F) for .ARM.Collect$$libinit$$0000000F
    libinit2.o(.ARM.Collect$$libinit$$00000016) refers to libinit2.o(.ARM.Collect$$libinit$$0000000F) for .ARM.Collect$$libinit$$0000000F
    libinit2.o(.ARM.Collect$$libinit$$00000018) refers to libinit2.o(.ARM.Collect$$libinit$$0000000F) for .ARM.Collect$$libinit$$0000000F
    libinit2.o(.ARM.Collect$$libinit$$00000026) refers to argv_veneer.o(.emb_text) for __ARM_argv_veneer
    libinit2.o(.ARM.Collect$$libinit$$00000027) refers to argv_veneer.o(.emb_text) for __ARM_argv_veneer
    rtexit2.o(.ARM.Collect$$rtexit$$00000003) refers to libshutdown.o(.ARM.Collect$$libshutdown$$00000000) for __rt_lib_shutdown
    rtexit2.o(.ARM.Collect$$rtexit$$00000004) refers to sys_exit.o(.text) for _sys_exit
    rtexit2.o(.ARM.exidx) refers to rtexit2.o(.ARM.Collect$$rtexit$$00000001) for .ARM.Collect$$rtexit$$00000001
    rtexit2.o(.ARM.exidx) refers to rtexit2.o(.ARM.Collect$$rtexit$$00000003) for .ARM.Collect$$rtexit$$00000003
    rtexit2.o(.ARM.exidx) refers to rtexit2.o(.ARM.Collect$$rtexit$$00000004) for .ARM.Collect$$rtexit$$00000004
    argv_veneer.o(.emb_text) refers to no_argv.o(.text) for __ARM_get_argv
    sys_exit.o(.text) refers (Special) to use_no_semi.o(.text) for __I$use$semihosting
    sys_exit.o(.text) refers (Special) to indicate_semi.o(.text) for __semihosting_library_function
    sys_exit_hlt.o(.text) refers (Special) to use_no_semi.o(.text) for __I$use$semihosting
    sys_exit_hlt.o(.text) refers (Special) to indicate_semi.o(.text) for __semihosting_library_function
    _get_argv_nomalloc.o(.text) refers (Special) to hrguard.o(.text) for __heap_region$guard
    _get_argv_nomalloc.o(.text) refers to defsig_rtmem_outer.o(.text) for __rt_SIGRTMEM
    _get_argv_nomalloc.o(.text) refers to sys_command.o(.text) for _sys_command_string
    libshutdown.o(.ARM.Collect$$libshutdown$$00000000) refers (Special) to libshutdown2.o(.ARM.Collect$$libshutdown$$00000002) for __rt_lib_shutdown_cpp_1
    libshutdown.o(.ARM.Collect$$libshutdown$$00000000) refers (Special) to libshutdown2.o(.ARM.Collect$$libshutdown$$00000007) for __rt_lib_shutdown_fp_trap_1
    libshutdown.o(.ARM.Collect$$libshutdown$$00000000) refers (Special) to libshutdown2.o(.ARM.Collect$$libshutdown$$0000000F) for __rt_lib_shutdown_heap_1
    libshutdown.o(.ARM.Collect$$libshutdown$$00000000) refers (Special) to libshutdown2.o(.ARM.Collect$$libshutdown$$00000010) for __rt_lib_shutdown_return
    libshutdown.o(.ARM.Collect$$libshutdown$$00000000) refers (Special) to libshutdown2.o(.ARM.Collect$$libshutdown$$0000000A) for __rt_lib_shutdown_signal_1
    libshutdown.o(.ARM.Collect$$libshutdown$$00000000) refers (Special) to libshutdown2.o(.ARM.Collect$$libshutdown$$00000004) for __rt_lib_shutdown_stdio_1
    libshutdown.o(.ARM.Collect$$libshutdown$$00000000) refers (Special) to libshutdown2.o(.ARM.Collect$$libshutdown$$0000000C) for __rt_lib_shutdown_user_alloc_1
    sys_command.o(.text) refers (Special) to use_no_semi.o(.text) for __I$use$semihosting
    sys_command.o(.text) refers (Special) to indicate_semi.o(.text) for __semihosting_library_function
    sys_command_hlt.o(.text) refers (Special) to use_no_semi.o(.text) for __I$use$semihosting
    sys_command_hlt.o(.text) refers (Special) to indicate_semi.o(.text) for __semihosting_library_function
    defsig_rtmem_outer.o(.text) refers to defsig_rtmem_inner.o(.text) for __rt_SIGRTMEM_inner
    defsig_rtmem_outer.o(.text) refers to defsig_exit.o(.text) for __sig_exit
    defsig_rtmem_formal.o(.text) refers to rt_raise.o(.text) for __rt_raise
    rt_raise.o(.text) refers to __raise.o(.text) for __raise
    rt_raise.o(.text) refers to sys_exit.o(.text) for _sys_exit
    defsig_exit.o(.text) refers to sys_exit.o(.text) for _sys_exit
    defsig_rtmem_inner.o(.text) refers to defsig_general.o(.text) for __default_signal_display
    __raise.o(.text) refers to defsig.o(CL$$defsig) for __default_signal_handler
    defsig_general.o(.text) refers to sys_wrch.o(.text) for _ttywrch
    sys_wrch.o(.text) refers (Special) to use_no_semi.o(.text) for __I$use$semihosting
    sys_wrch.o(.text) refers (Special) to indicate_semi.o(.text) for __semihosting_library_function
    sys_wrch_hlt.o(.text) refers (Special) to use_no_semi.o(.text) for __I$use$semihosting
    sys_wrch_hlt.o(.text) refers (Special) to indicate_semi.o(.text) for __semihosting_library_function
    defsig.o(CL$$defsig) refers to defsig_rtmem_inner.o(.text) for __rt_SIGRTMEM_inner
    defsig_abrt_inner.o(.text) refers to defsig_general.o(.text) for __default_signal_display
    defsig_fpe_inner.o(.text) refers to defsig_general.o(.text) for __default_signal_display
    defsig_rtred_inner.o(.text) refers to defsig_general.o(.text) for __default_signal_display
    defsig_stak_inner.o(.text) refers to defsig_general.o(.text) for __default_signal_display
    defsig_pvfn_inner.o(.text) refers to defsig_general.o(.text) for __default_signal_display
    defsig_cppl_inner.o(.text) refers to defsig_general.o(.text) for __default_signal_display
    defsig_segv_inner.o(.text) refers to defsig_general.o(.text) for __default_signal_display
    defsig_other.o(.text) refers to defsig_general.o(.text) for __default_signal_display


==============================================================================

Removing Unused input sections from the image.

    Removing main.o(.text), (0 bytes).
    Removing main.o(.ARM.exidx.text.main), (8 bytes).
    Removing main.o(.ARM.exidx.text.loraHandle), (8 bytes).
    Removing main.o(.ARM.use_no_argv), (4 bytes).
    Removing uart.o(.text), (0 bytes).
    Removing uart.o(.text.fputc), (14 bytes).
    Removing uart.o(.ARM.exidx.text.fputc), (8 bytes).
    Removing uart.o(.ARM.exidx.text.Usart_Send_Char), (8 bytes).
    Removing uart.o(.ARM.exidx.text.Pin_Config), (8 bytes).
    Removing uart.o(.ARM.exidx.text.Usart_Config), (8 bytes).
    Removing uart.o(.text.Usart_Send_Uint16), (72 bytes).
    Removing uart.o(.ARM.exidx.text.Usart_Send_Uint16), (8 bytes).
    Removing uart.o(.ARM.exidx.text.Usart_Send_String), (8 bytes).
    Removing uart.o(.ARM.exidx.text.Usart_SendNumber), (8 bytes).
    Removing uart.o(.ARM.exidx.text.USART1_IRQHandler), (8 bytes).
    Removing uart.o(.ARM.exidx.text.Usart_CheckFlag), (8 bytes).
    Removing uart.o(.text.Usart_Compare), (48 bytes).
    Removing uart.o(.ARM.exidx.text.Usart_Compare), (8 bytes).
    Removing uart.o(.text.Usart_Strlen), (16 bytes).
    Removing uart.o(.ARM.exidx.text.Usart_Strlen), (8 bytes).
    Removing uart.o(.text.Usart_Put_Char_Receive), (12 bytes).
    Removing uart.o(.ARM.exidx.text.Usart_Put_Char_Receive), (8 bytes).
    Removing uart.o(.bss.count), (2 bytes).
    Removing uart.o(.bss.string_receive), (50 bytes).
    Removing uart.o(.bss.flag_check), (1 bytes).
    Removing crc.o(.text), (0 bytes).
    Removing crc.o(.ARM.exidx.text.reflect), (8 bytes).
    Removing crc.o(.text.crc_init), (68 bytes).
    Removing crc.o(.ARM.exidx.text.crc_init), (8 bytes).
    Removing crc.o(.ARM.exidx.text.crc_slow), (8 bytes).
    Removing crc.o(.text.crc_fast), (68 bytes).
    Removing crc.o(.ARM.exidx.text.crc_fast), (8 bytes).
    Removing crc.o(.bss.g_crc_table), (1024 bytes).
    Removing lora.o(.text), (0 bytes).
    Removing lora.o(.text.loRaEncryptedFrame), (110 bytes).
    Removing lora.o(.ARM.exidx.text.loRaEncryptedFrame), (8 bytes).
    Removing lora.o(.ARM.exidx.text.loRaDecodeFrame), (8 bytes).
    Removing lora.o(.ARM.exidx.text.loRaGetFsmFrame), (8 bytes).
    Removing lora.o(.ARM.exidx.text.loRaInitFsmFrame), (8 bytes).
    Removing lora.o(.text.help_convert_byte_to_uint16), (6 bytes).
    Removing lora.o(.ARM.exidx.text.help_convert_byte_to_uint16), (8 bytes).
    Removing lora.o(.text.help_convert_bytes_to_uint32), (14 bytes).
    Removing lora.o(.ARM.exidx.text.help_convert_bytes_to_uint32), (8 bytes).
    Removing lora.o(.text.swap_endian16), (4 bytes).
    Removing lora.o(.ARM.exidx.text.swap_endian16), (8 bytes).
    Removing lora.o(.text.swap_endian32), (4 bytes).
    Removing lora.o(.ARM.exidx.text.swap_endian32), (8 bytes).
    Removing lora.o(.bss.state), (4 bytes).
    Removing lora_join_network.o(.text), (0 bytes).
    Removing lora_join_network.o(.text.loRaJoinPacketHandler), (48 bytes).
    Removing lora_join_network.o(.ARM.exidx.text.loRaJoinPacketHandler), (8 bytes).
    Removing lora_join_network.o(.text.loRaJoinNetworkGetAccept), (104 bytes).
    Removing lora_join_network.o(.ARM.exidx.text.loRaJoinNetworkGetAccept), (8 bytes).
    Removing lora_join_network.o(.text.loRaJoinNetworkGetComplete), (92 bytes).
    Removing lora_join_network.o(.ARM.exidx.text.loRaJoinNetworkGetComplete), (8 bytes).
    Removing lora_join_network.o(.text.loRaCreateJoinRequest), (110 bytes).
    Removing lora_join_network.o(.ARM.exidx.text.loRaCreateJoinRequest), (8 bytes).
    Removing lora_join_network.o(.text.loRaCreateJoinConfirm), (160 bytes).
    Removing lora_join_network.o(.ARM.exidx.text.loRaCreateJoinConfirm), (8 bytes).
    Removing lora_join_network.o(.text.loRaJoinNetworkGetConfirm), (106 bytes).
    Removing lora_join_network.o(.ARM.exidx.text.loRaJoinNetworkGetConfirm), (8 bytes).
    Removing lora_join_network.o(.rodata.loRaCreateJoinConfirm.zero_mac), (6 bytes).
    Removing lora_join_network.o(.rodata.loRaCreateJoinConfirm.zero_dev_key), (16 bytes).
    Removing lora_ota.o(.text), (0 bytes).
    Removing lora_ota.o(.ARM.exidx.text.otaNodeInit), (8 bytes).
    Removing lora_ota.o(.ARM.exidx.text.loRaOtaReceiveHandler), (8 bytes).
    Removing lora_ota.o(.text.loRaOtaCreateStart), (52 bytes).
    Removing lora_ota.o(.ARM.exidx.text.loRaOtaCreateStart), (8 bytes).
    Removing lora_ota.o(.text.loRaOtaCreateResponse), (86 bytes).
    Removing lora_ota.o(.ARM.exidx.text.loRaOtaCreateResponse), (8 bytes).
    Removing lora_ota.o(.text.loRaOtaCreateHeader), (74 bytes).
    Removing lora_ota.o(.ARM.exidx.text.loRaOtaCreateHeader), (8 bytes).
    Removing lora_ota.o(.text.loRaOtaCreateEnd), (64 bytes).
    Removing lora_ota.o(.ARM.exidx.text.loRaOtaCreateEnd), (8 bytes).
    Removing lora_ota.o(.text.loRaOtaCreateSignalUpdate), (64 bytes).
    Removing lora_ota.o(.ARM.exidx.text.loRaOtaCreateSignalUpdate), (8 bytes).
    Removing lora_ota.o(.rodata..L__const.loRaOtaCreateStart.lora_frame), (14 bytes).
    Removing lora_ota.o(.rodata.str1.1), (4 bytes).
    Removing lora_ota.o(.rodata..L__const.loRaOtaCreateEnd.lora_frame), (14 bytes).
    Removing lora_ota.o(.rodata..L__const.loRaOtaCreateSignalUpdate.lora_frame), (14 bytes).
    Removing misc.o(.text), (0 bytes).
    Removing misc.o(.text.NVIC_PriorityGroupConfig), (20 bytes).
    Removing misc.o(.ARM.exidx.text.NVIC_PriorityGroupConfig), (8 bytes).
    Removing misc.o(.text.NVIC_Init), (92 bytes).
    Removing misc.o(.ARM.exidx.text.NVIC_Init), (8 bytes).
    Removing misc.o(.text.NVIC_SetVectorTable), (20 bytes).
    Removing misc.o(.ARM.exidx.text.NVIC_SetVectorTable), (8 bytes).
    Removing misc.o(.text.NVIC_SystemLPConfig), (24 bytes).
    Removing misc.o(.ARM.exidx.text.NVIC_SystemLPConfig), (8 bytes).
    Removing misc.o(.text.SysTick_CLKSourceConfig), (24 bytes).
    Removing misc.o(.ARM.exidx.text.SysTick_CLKSourceConfig), (8 bytes).
    Removing stm32f10x_gpio.o(.text), (0 bytes).
    Removing stm32f10x_gpio.o(.text.GPIO_DeInit), (128 bytes).
    Removing stm32f10x_gpio.o(.ARM.exidx.text.GPIO_DeInit), (8 bytes).
    Removing stm32f10x_gpio.o(.text.GPIO_AFIODeInit), (22 bytes).
    Removing stm32f10x_gpio.o(.ARM.exidx.text.GPIO_AFIODeInit), (8 bytes).
    Removing stm32f10x_gpio.o(.ARM.exidx.text.GPIO_Init), (8 bytes).
    Removing stm32f10x_gpio.o(.text.GPIO_StructInit), (16 bytes).
    Removing stm32f10x_gpio.o(.ARM.exidx.text.GPIO_StructInit), (8 bytes).
    Removing stm32f10x_gpio.o(.text.GPIO_ReadInputDataBit), (10 bytes).
    Removing stm32f10x_gpio.o(.ARM.exidx.text.GPIO_ReadInputDataBit), (8 bytes).
    Removing stm32f10x_gpio.o(.text.GPIO_ReadInputData), (6 bytes).
    Removing stm32f10x_gpio.o(.ARM.exidx.text.GPIO_ReadInputData), (8 bytes).
    Removing stm32f10x_gpio.o(.text.GPIO_ReadOutputDataBit), (10 bytes).
    Removing stm32f10x_gpio.o(.ARM.exidx.text.GPIO_ReadOutputDataBit), (8 bytes).
    Removing stm32f10x_gpio.o(.text.GPIO_ReadOutputData), (6 bytes).
    Removing stm32f10x_gpio.o(.ARM.exidx.text.GPIO_ReadOutputData), (8 bytes).
    Removing stm32f10x_gpio.o(.text.GPIO_SetBits), (4 bytes).
    Removing stm32f10x_gpio.o(.ARM.exidx.text.GPIO_SetBits), (8 bytes).
    Removing stm32f10x_gpio.o(.text.GPIO_ResetBits), (4 bytes).
    Removing stm32f10x_gpio.o(.ARM.exidx.text.GPIO_ResetBits), (8 bytes).
    Removing stm32f10x_gpio.o(.text.GPIO_WriteBit), (12 bytes).
    Removing stm32f10x_gpio.o(.ARM.exidx.text.GPIO_WriteBit), (8 bytes).
    Removing stm32f10x_gpio.o(.text.GPIO_Write), (4 bytes).
    Removing stm32f10x_gpio.o(.ARM.exidx.text.GPIO_Write), (8 bytes).
    Removing stm32f10x_gpio.o(.text.GPIO_PinLockConfig), (16 bytes).
    Removing stm32f10x_gpio.o(.ARM.exidx.text.GPIO_PinLockConfig), (8 bytes).
    Removing stm32f10x_gpio.o(.text.GPIO_EventOutputConfig), (24 bytes).
    Removing stm32f10x_gpio.o(.ARM.exidx.text.GPIO_EventOutputConfig), (8 bytes).
    Removing stm32f10x_gpio.o(.text.GPIO_EventOutputCmd), (12 bytes).
    Removing stm32f10x_gpio.o(.ARM.exidx.text.GPIO_EventOutputCmd), (8 bytes).
    Removing stm32f10x_gpio.o(.ARM.exidx.text.GPIO_PinRemapConfig), (8 bytes).
    Removing stm32f10x_gpio.o(.text.GPIO_EXTILineConfig), (44 bytes).
    Removing stm32f10x_gpio.o(.ARM.exidx.text.GPIO_EXTILineConfig), (8 bytes).
    Removing stm32f10x_gpio.o(.text.GPIO_ETH_MediaInterfaceConfig), (12 bytes).
    Removing stm32f10x_gpio.o(.ARM.exidx.text.GPIO_ETH_MediaInterfaceConfig), (8 bytes).
    Removing stm32f10x_rcc.o(.text), (0 bytes).
    Removing stm32f10x_rcc.o(.text.RCC_DeInit), (64 bytes).
    Removing stm32f10x_rcc.o(.ARM.exidx.text.RCC_DeInit), (8 bytes).
    Removing stm32f10x_rcc.o(.text.RCC_HSEConfig), (48 bytes).
    Removing stm32f10x_rcc.o(.ARM.exidx.text.RCC_HSEConfig), (8 bytes).
    Removing stm32f10x_rcc.o(.text.RCC_WaitForHSEStartUp), (44 bytes).
    Removing stm32f10x_rcc.o(.ARM.exidx.text.RCC_WaitForHSEStartUp), (8 bytes).
    Removing stm32f10x_rcc.o(.text.RCC_GetFlagStatus), (44 bytes).
    Removing stm32f10x_rcc.o(.ARM.exidx.text.RCC_GetFlagStatus), (8 bytes).
    Removing stm32f10x_rcc.o(.text.RCC_AdjustHSICalibrationValue), (20 bytes).
    Removing stm32f10x_rcc.o(.ARM.exidx.text.RCC_AdjustHSICalibrationValue), (8 bytes).
    Removing stm32f10x_rcc.o(.text.RCC_HSICmd), (12 bytes).
    Removing stm32f10x_rcc.o(.ARM.exidx.text.RCC_HSICmd), (8 bytes).
    Removing stm32f10x_rcc.o(.text.RCC_PLLConfig), (20 bytes).
    Removing stm32f10x_rcc.o(.ARM.exidx.text.RCC_PLLConfig), (8 bytes).
    Removing stm32f10x_rcc.o(.text.RCC_PLLCmd), (12 bytes).
    Removing stm32f10x_rcc.o(.ARM.exidx.text.RCC_PLLCmd), (8 bytes).
    Removing stm32f10x_rcc.o(.text.RCC_SYSCLKConfig), (20 bytes).
    Removing stm32f10x_rcc.o(.ARM.exidx.text.RCC_SYSCLKConfig), (8 bytes).
    Removing stm32f10x_rcc.o(.text.RCC_GetSYSCLKSource), (16 bytes).
    Removing stm32f10x_rcc.o(.ARM.exidx.text.RCC_GetSYSCLKSource), (8 bytes).
    Removing stm32f10x_rcc.o(.text.RCC_HCLKConfig), (20 bytes).
    Removing stm32f10x_rcc.o(.ARM.exidx.text.RCC_HCLKConfig), (8 bytes).
    Removing stm32f10x_rcc.o(.text.RCC_PCLK1Config), (20 bytes).
    Removing stm32f10x_rcc.o(.ARM.exidx.text.RCC_PCLK1Config), (8 bytes).
    Removing stm32f10x_rcc.o(.text.RCC_PCLK2Config), (20 bytes).
    Removing stm32f10x_rcc.o(.ARM.exidx.text.RCC_PCLK2Config), (8 bytes).
    Removing stm32f10x_rcc.o(.text.RCC_ITConfig), (24 bytes).
    Removing stm32f10x_rcc.o(.ARM.exidx.text.RCC_ITConfig), (8 bytes).
    Removing stm32f10x_rcc.o(.text.RCC_USBCLKConfig), (12 bytes).
    Removing stm32f10x_rcc.o(.ARM.exidx.text.RCC_USBCLKConfig), (8 bytes).
    Removing stm32f10x_rcc.o(.text.RCC_ADCCLKConfig), (20 bytes).
    Removing stm32f10x_rcc.o(.ARM.exidx.text.RCC_ADCCLKConfig), (8 bytes).
    Removing stm32f10x_rcc.o(.text.RCC_LSEConfig), (28 bytes).
    Removing stm32f10x_rcc.o(.ARM.exidx.text.RCC_LSEConfig), (8 bytes).
    Removing stm32f10x_rcc.o(.text.RCC_LSICmd), (12 bytes).
    Removing stm32f10x_rcc.o(.ARM.exidx.text.RCC_LSICmd), (8 bytes).
    Removing stm32f10x_rcc.o(.text.RCC_RTCCLKConfig), (16 bytes).
    Removing stm32f10x_rcc.o(.ARM.exidx.text.RCC_RTCCLKConfig), (8 bytes).
    Removing stm32f10x_rcc.o(.text.RCC_RTCCLKCmd), (12 bytes).
    Removing stm32f10x_rcc.o(.ARM.exidx.text.RCC_RTCCLKCmd), (8 bytes).
    Removing stm32f10x_rcc.o(.ARM.exidx.text.RCC_GetClocksFreq), (8 bytes).
    Removing stm32f10x_rcc.o(.text.RCC_AHBPeriphClockCmd), (24 bytes).
    Removing stm32f10x_rcc.o(.ARM.exidx.text.RCC_AHBPeriphClockCmd), (8 bytes).
    Removing stm32f10x_rcc.o(.ARM.exidx.text.RCC_APB2PeriphClockCmd), (8 bytes).
    Removing stm32f10x_rcc.o(.text.RCC_APB1PeriphClockCmd), (24 bytes).
    Removing stm32f10x_rcc.o(.ARM.exidx.text.RCC_APB1PeriphClockCmd), (8 bytes).
    Removing stm32f10x_rcc.o(.text.RCC_APB2PeriphResetCmd), (24 bytes).
    Removing stm32f10x_rcc.o(.ARM.exidx.text.RCC_APB2PeriphResetCmd), (8 bytes).
    Removing stm32f10x_rcc.o(.text.RCC_APB1PeriphResetCmd), (24 bytes).
    Removing stm32f10x_rcc.o(.ARM.exidx.text.RCC_APB1PeriphResetCmd), (8 bytes).
    Removing stm32f10x_rcc.o(.text.RCC_BackupResetCmd), (12 bytes).
    Removing stm32f10x_rcc.o(.ARM.exidx.text.RCC_BackupResetCmd), (8 bytes).
    Removing stm32f10x_rcc.o(.text.RCC_ClockSecuritySystemCmd), (12 bytes).
    Removing stm32f10x_rcc.o(.ARM.exidx.text.RCC_ClockSecuritySystemCmd), (8 bytes).
    Removing stm32f10x_rcc.o(.text.RCC_MCOConfig), (12 bytes).
    Removing stm32f10x_rcc.o(.ARM.exidx.text.RCC_MCOConfig), (8 bytes).
    Removing stm32f10x_rcc.o(.text.RCC_ClearFlag), (16 bytes).
    Removing stm32f10x_rcc.o(.ARM.exidx.text.RCC_ClearFlag), (8 bytes).
    Removing stm32f10x_rcc.o(.text.RCC_GetITStatus), (16 bytes).
    Removing stm32f10x_rcc.o(.ARM.exidx.text.RCC_GetITStatus), (8 bytes).
    Removing stm32f10x_rcc.o(.text.RCC_ClearITPendingBit), (12 bytes).
    Removing stm32f10x_rcc.o(.ARM.exidx.text.RCC_ClearITPendingBit), (8 bytes).
    Removing stm32f10x_usart.o(.text), (0 bytes).
    Removing stm32f10x_usart.o(.text.USART_DeInit), (152 bytes).
    Removing stm32f10x_usart.o(.ARM.exidx.text.USART_DeInit), (8 bytes).
    Removing stm32f10x_usart.o(.ARM.exidx.text.USART_Init), (8 bytes).
    Removing stm32f10x_usart.o(.text.USART_StructInit), (20 bytes).
    Removing stm32f10x_usart.o(.ARM.exidx.text.USART_StructInit), (8 bytes).
    Removing stm32f10x_usart.o(.text.USART_ClockInit), (26 bytes).
    Removing stm32f10x_usart.o(.ARM.exidx.text.USART_ClockInit), (8 bytes).
    Removing stm32f10x_usart.o(.text.USART_ClockStructInit), (8 bytes).
    Removing stm32f10x_usart.o(.ARM.exidx.text.USART_ClockStructInit), (8 bytes).
    Removing stm32f10x_usart.o(.ARM.exidx.text.USART_Cmd), (8 bytes).
    Removing stm32f10x_usart.o(.ARM.exidx.text.USART_ITConfig), (8 bytes).
    Removing stm32f10x_usart.o(.text.USART_DMACmd), (16 bytes).
    Removing stm32f10x_usart.o(.ARM.exidx.text.USART_DMACmd), (8 bytes).
    Removing stm32f10x_usart.o(.text.USART_SetAddress), (16 bytes).
    Removing stm32f10x_usart.o(.ARM.exidx.text.USART_SetAddress), (8 bytes).
    Removing stm32f10x_usart.o(.text.USART_WakeUpConfig), (16 bytes).
    Removing stm32f10x_usart.o(.ARM.exidx.text.USART_WakeUpConfig), (8 bytes).
    Removing stm32f10x_usart.o(.text.USART_ReceiverWakeUpCmd), (18 bytes).
    Removing stm32f10x_usart.o(.ARM.exidx.text.USART_ReceiverWakeUpCmd), (8 bytes).
    Removing stm32f10x_usart.o(.text.USART_LINBreakDetectLengthConfig), (16 bytes).
    Removing stm32f10x_usart.o(.ARM.exidx.text.USART_LINBreakDetectLengthConfig), (8 bytes).
    Removing stm32f10x_usart.o(.text.USART_LINCmd), (18 bytes).
    Removing stm32f10x_usart.o(.ARM.exidx.text.USART_LINCmd), (8 bytes).
    Removing stm32f10x_usart.o(.ARM.exidx.text.USART_SendData), (8 bytes).
    Removing stm32f10x_usart.o(.ARM.exidx.text.USART_ReceiveData), (8 bytes).
    Removing stm32f10x_usart.o(.text.USART_SendBreak), (10 bytes).
    Removing stm32f10x_usart.o(.ARM.exidx.text.USART_SendBreak), (8 bytes).
    Removing stm32f10x_usart.o(.text.USART_SetGuardTime), (16 bytes).
    Removing stm32f10x_usart.o(.ARM.exidx.text.USART_SetGuardTime), (8 bytes).
    Removing stm32f10x_usart.o(.text.USART_SetPrescaler), (16 bytes).
    Removing stm32f10x_usart.o(.ARM.exidx.text.USART_SetPrescaler), (8 bytes).
    Removing stm32f10x_usart.o(.text.USART_SmartCardCmd), (18 bytes).
    Removing stm32f10x_usart.o(.ARM.exidx.text.USART_SmartCardCmd), (8 bytes).
    Removing stm32f10x_usart.o(.text.USART_SmartCardNACKCmd), (18 bytes).
    Removing stm32f10x_usart.o(.ARM.exidx.text.USART_SmartCardNACKCmd), (8 bytes).
    Removing stm32f10x_usart.o(.text.USART_HalfDuplexCmd), (18 bytes).
    Removing stm32f10x_usart.o(.ARM.exidx.text.USART_HalfDuplexCmd), (8 bytes).
    Removing stm32f10x_usart.o(.text.USART_OverSampling8Cmd), (20 bytes).
    Removing stm32f10x_usart.o(.ARM.exidx.text.USART_OverSampling8Cmd), (8 bytes).
    Removing stm32f10x_usart.o(.text.USART_OneBitMethodCmd), (18 bytes).
    Removing stm32f10x_usart.o(.ARM.exidx.text.USART_OneBitMethodCmd), (8 bytes).
    Removing stm32f10x_usart.o(.text.USART_IrDAConfig), (16 bytes).
    Removing stm32f10x_usart.o(.ARM.exidx.text.USART_IrDAConfig), (8 bytes).
    Removing stm32f10x_usart.o(.text.USART_IrDACmd), (18 bytes).
    Removing stm32f10x_usart.o(.ARM.exidx.text.USART_IrDACmd), (8 bytes).
    Removing stm32f10x_usart.o(.ARM.exidx.text.USART_GetFlagStatus), (8 bytes).
    Removing stm32f10x_usart.o(.text.USART_ClearFlag), (6 bytes).
    Removing stm32f10x_usart.o(.ARM.exidx.text.USART_ClearFlag), (8 bytes).
    Removing stm32f10x_usart.o(.ARM.exidx.text.USART_GetITStatus), (8 bytes).
    Removing stm32f10x_usart.o(.ARM.exidx.text.USART_ClearITPendingBit), (8 bytes).
    Removing system_stm32f10x.o(.text), (0 bytes).
    Removing system_stm32f10x.o(.ARM.exidx.text.SystemInit), (8 bytes).
    Removing system_stm32f10x.o(.text.SystemCoreClockUpdate), (84 bytes).
    Removing system_stm32f10x.o(.ARM.exidx.text.SystemCoreClockUpdate), (8 bytes).
    Removing system_stm32f10x.o(.data.SystemCoreClock), (4 bytes).
    Removing system_stm32f10x.o(.rodata.AHBPrescTable), (16 bytes).

246 unused section(s) (total 5303 bytes) removed from the image.

==============================================================================

Image Symbol Table

    Local Symbols

    Symbol Name                              Value     Ov Type        Size  Object(Section)

    ../clib/angel/boardlib.s                 0x00000000   Number         0  boardinit1.o ABSOLUTE
    ../clib/angel/boardlib.s                 0x00000000   Number         0  boardinit2.o ABSOLUTE
    ../clib/angel/boardlib.s                 0x00000000   Number         0  boardinit3.o ABSOLUTE
    ../clib/angel/boardlib.s                 0x00000000   Number         0  boardshut.o ABSOLUTE
    ../clib/angel/handlers.s                 0x00000000   Number         0  __scatter_zi.o ABSOLUTE
    ../clib/angel/kernel.s                   0x00000000   Number         0  __rtentry.o ABSOLUTE
    ../clib/angel/kernel.s                   0x00000000   Number         0  __rtentry2.o ABSOLUTE
    ../clib/angel/kernel.s                   0x00000000   Number         0  __rtentry4.o ABSOLUTE
    ../clib/angel/kernel.s                   0x00000000   Number         0  rtexit.o ABSOLUTE
    ../clib/angel/kernel.s                   0x00000000   Number         0  rtexit2.o ABSOLUTE
    ../clib/angel/rt.s                       0x00000000   Number         0  rt_raise.o ABSOLUTE
    ../clib/angel/scatter.s                  0x00000000   Number         0  __scatter.o ABSOLUTE
    ../clib/angel/startup.s                  0x00000000   Number         0  __main.o ABSOLUTE
    ../clib/angel/sys.s                      0x00000000   Number         0  sys_stackheap_outer.o ABSOLUTE
    ../clib/angel/sys.s                      0x00000000   Number         0  libspace.o ABSOLUTE
    ../clib/angel/sys.s                      0x00000000   Number         0  use_no_semi.o ABSOLUTE
    ../clib/angel/sys.s                      0x00000000   Number         0  indicate_semi.o ABSOLUTE
    ../clib/angel/sysapp.c                   0x00000000   Number         0  sys_exit.o ABSOLUTE
    ../clib/angel/sysapp.c                   0x00000000   Number         0  sys_exit_hlt.o ABSOLUTE
    ../clib/angel/sysapp.c                   0x00000000   Number         0  sys_command.o ABSOLUTE
    ../clib/angel/sysapp.c                   0x00000000   Number         0  sys_command_hlt.o ABSOLUTE
    ../clib/angel/sysapp.c                   0x00000000   Number         0  sys_wrch.o ABSOLUTE
    ../clib/angel/sysapp.c                   0x00000000   Number         0  sys_wrch_hlt.o ABSOLUTE
    ../clib/armsys.c                         0x00000000   Number         0  argv_veneer.o ABSOLUTE
    ../clib/armsys.c                         0x00000000   Number         0  argv_veneer.o ABSOLUTE
    ../clib/armsys.c                         0x00000000   Number         0  _get_argv_nomalloc.o ABSOLUTE
    ../clib/armsys.c                         0x00000000   Number         0  no_argv.o ABSOLUTE
    ../clib/heapalloc.c                      0x00000000   Number         0  hrguard.o ABSOLUTE
    ../clib/heapaux.c                        0x00000000   Number         0  heapauxi.o ABSOLUTE
    ../clib/libinit.s                        0x00000000   Number         0  libinit.o ABSOLUTE
    ../clib/libinit.s                        0x00000000   Number         0  libinit2.o ABSOLUTE
    ../clib/libinit.s                        0x00000000   Number         0  libshutdown.o ABSOLUTE
    ../clib/libinit.s                        0x00000000   Number         0  libshutdown2.o ABSOLUTE
    ../clib/memcpset.s                       0x00000000   Number         0  rt_memcpy_v6.o ABSOLUTE
    ../clib/memcpset.s                       0x00000000   Number         0  rt_memclr.o ABSOLUTE
    ../clib/memcpset.s                       0x00000000   Number         0  rt_memclr_w.o ABSOLUTE
    ../clib/memcpset.s                       0x00000000   Number         0  rt_memcpy_w.o ABSOLUTE
    ../clib/signal.c                         0x00000000   Number         0  defsig_rtmem_outer.o ABSOLUTE
    ../clib/signal.c                         0x00000000   Number         0  defsig_rtmem_formal.o ABSOLUTE
    ../clib/signal.c                         0x00000000   Number         0  defsig_exit.o ABSOLUTE
    ../clib/signal.c                         0x00000000   Number         0  defsig_rtmem_inner.o ABSOLUTE
    ../clib/signal.c                         0x00000000   Number         0  __raise.o ABSOLUTE
    ../clib/signal.c                         0x00000000   Number         0  defsig_general.o ABSOLUTE
    ../clib/signal.c                         0x00000000   Number         0  defsig_abrt_inner.o ABSOLUTE
    ../clib/signal.c                         0x00000000   Number         0  defsig_fpe_inner.o ABSOLUTE
    ../clib/signal.c                         0x00000000   Number         0  defsig_rtred_inner.o ABSOLUTE
    ../clib/signal.c                         0x00000000   Number         0  defsig_stak_inner.o ABSOLUTE
    ../clib/signal.c                         0x00000000   Number         0  defsig_pvfn_inner.o ABSOLUTE
    ../clib/signal.c                         0x00000000   Number         0  defsig_cppl_inner.o ABSOLUTE
    ../clib/signal.c                         0x00000000   Number         0  defsig_segv_inner.o ABSOLUTE
    ../clib/signal.c                         0x00000000   Number         0  defsig_other.o ABSOLUTE
    ../clib/signal.s                         0x00000000   Number         0  defsig.o ABSOLUTE
    ../clib/stdlib.c                         0x00000000   Number         0  exit.o ABSOLUTE
    ../clib/string.c                         0x00000000   Number         0  memcmp.o ABSOLUTE
    ../fplib/faddsub.s                       0x00000000   Number         0  faddsub_clz.o ABSOLUTE
    ../fplib/fcmp.s                          0x00000000   Number         0  fcmp.o ABSOLUTE
    ../fplib/fcmpi.s                         0x00000000   Number         0  fcmpi.o ABSOLUTE
    ../fplib/feqf.s                          0x00000000   Number         0  feqf.o ABSOLUTE
    ../fplib/ffix.s                          0x00000000   Number         0  ffix.o ABSOLUTE
    ../fplib/ffixu.s                         0x00000000   Number         0  ffixu.o ABSOLUTE
    ../fplib/fflt.s                          0x00000000   Number         0  fflt_clz.o ABSOLUTE
    ../fplib/fgeqf.s                         0x00000000   Number         0  fgeqf.o ABSOLUTE
    ../fplib/fleqf.s                         0x00000000   Number         0  fleqf.o ABSOLUTE
    ../fplib/fmul.s                          0x00000000   Number         0  fmul.o ABSOLUTE
    ../fplib/fnaninf.s                       0x00000000   Number         0  fnaninf.o ABSOLUTE
    ../fplib/fpinit.s                        0x00000000   Number         0  fpinit.o ABSOLUTE
    ../fplib/fretinf.s                       0x00000000   Number         0  fretinf.o ABSOLUTE
    ../fplib/usenofp.s                       0x00000000   Number         0  usenofp.o ABSOLUTE
    RTE\Device\STM32F103C8\startup_stm32f10x_md.s 0x00000000   Number         0  startup_stm32f10x_md.o ABSOLUTE
    crc.c                                    0x00000000   Number         0  crc.o ABSOLUTE
    dc.s                                     0x00000000   Number         0  dc.o ABSOLUTE
    lora.c                                   0x00000000   Number         0  lora.o ABSOLUTE
    lora_join_network.c                      0x00000000   Number         0  lora_join_network.o ABSOLUTE
    lora_ota.c                               0x00000000   Number         0  lora_ota.o ABSOLUTE
    main.c                                   0x00000000   Number         0  main.o ABSOLUTE
    misc.c                                   0x00000000   Number         0  misc.o ABSOLUTE
    stm32f10x_gpio.c                         0x00000000   Number         0  stm32f10x_gpio.o ABSOLUTE
    stm32f10x_rcc.c                          0x00000000   Number         0  stm32f10x_rcc.o ABSOLUTE
    stm32f10x_usart.c                        0x00000000   Number         0  stm32f10x_usart.o ABSOLUTE
    system_stm32f10x.c                       0x00000000   Number         0  system_stm32f10x.o ABSOLUTE
    uart.c                                   0x00000000   Number         0  uart.o ABSOLUTE
    RESET                                    0x08000000   Section      236  startup_stm32f10x_md.o(RESET)
    !!!main                                  0x080000ec   Section        8  __main.o(!!!main)
    !!!scatter                               0x080000f4   Section       52  __scatter.o(!!!scatter)
    !!handler_zi                             0x08000128   Section       28  __scatter_zi.o(!!handler_zi)
    .ARM.Collect$$libinit$$00000000          0x08000144   Section        2  libinit.o(.ARM.Collect$$libinit$$00000000)
    .ARM.Collect$$libinit$$00000002          0x08000146   Section        0  libinit2.o(.ARM.Collect$$libinit$$00000002)
    .ARM.Collect$$libinit$$00000004          0x08000146   Section        0  libinit2.o(.ARM.Collect$$libinit$$00000004)
    .ARM.Collect$$libinit$$0000000A          0x08000146   Section        0  libinit2.o(.ARM.Collect$$libinit$$0000000A)
    .ARM.Collect$$libinit$$0000000C          0x08000146   Section        0  libinit2.o(.ARM.Collect$$libinit$$0000000C)
    .ARM.Collect$$libinit$$0000000E          0x08000146   Section        0  libinit2.o(.ARM.Collect$$libinit$$0000000E)
    .ARM.Collect$$libinit$$00000011          0x08000146   Section        0  libinit2.o(.ARM.Collect$$libinit$$00000011)
    .ARM.Collect$$libinit$$00000013          0x08000146   Section        0  libinit2.o(.ARM.Collect$$libinit$$00000013)
    .ARM.Collect$$libinit$$00000015          0x08000146   Section        0  libinit2.o(.ARM.Collect$$libinit$$00000015)
    .ARM.Collect$$libinit$$00000017          0x08000146   Section        0  libinit2.o(.ARM.Collect$$libinit$$00000017)
    .ARM.Collect$$libinit$$00000019          0x08000146   Section        0  libinit2.o(.ARM.Collect$$libinit$$00000019)
    .ARM.Collect$$libinit$$0000001B          0x08000146   Section        0  libinit2.o(.ARM.Collect$$libinit$$0000001B)
    .ARM.Collect$$libinit$$0000001D          0x08000146   Section        0  libinit2.o(.ARM.Collect$$libinit$$0000001D)
    .ARM.Collect$$libinit$$0000001F          0x08000146   Section        0  libinit2.o(.ARM.Collect$$libinit$$0000001F)
    .ARM.Collect$$libinit$$00000021          0x08000146   Section        0  libinit2.o(.ARM.Collect$$libinit$$00000021)
    .ARM.Collect$$libinit$$00000023          0x08000146   Section        0  libinit2.o(.ARM.Collect$$libinit$$00000023)
    .ARM.Collect$$libinit$$00000025          0x08000146   Section        0  libinit2.o(.ARM.Collect$$libinit$$00000025)
    .ARM.Collect$$libinit$$0000002C          0x08000146   Section        0  libinit2.o(.ARM.Collect$$libinit$$0000002C)
    .ARM.Collect$$libinit$$0000002E          0x08000146   Section        0  libinit2.o(.ARM.Collect$$libinit$$0000002E)
    .ARM.Collect$$libinit$$00000030          0x08000146   Section        0  libinit2.o(.ARM.Collect$$libinit$$00000030)
    .ARM.Collect$$libinit$$00000032          0x08000146   Section        0  libinit2.o(.ARM.Collect$$libinit$$00000032)
    .ARM.Collect$$libinit$$00000033          0x08000146   Section        2  libinit2.o(.ARM.Collect$$libinit$$00000033)
    .ARM.Collect$$libshutdown$$00000000      0x08000148   Section        2  libshutdown.o(.ARM.Collect$$libshutdown$$00000000)
    .ARM.Collect$$libshutdown$$00000002      0x0800014a   Section        0  libshutdown2.o(.ARM.Collect$$libshutdown$$00000002)
    .ARM.Collect$$libshutdown$$00000004      0x0800014a   Section        0  libshutdown2.o(.ARM.Collect$$libshutdown$$00000004)
    .ARM.Collect$$libshutdown$$00000007      0x0800014a   Section        0  libshutdown2.o(.ARM.Collect$$libshutdown$$00000007)
    .ARM.Collect$$libshutdown$$0000000A      0x0800014a   Section        0  libshutdown2.o(.ARM.Collect$$libshutdown$$0000000A)
    .ARM.Collect$$libshutdown$$0000000C      0x0800014a   Section        0  libshutdown2.o(.ARM.Collect$$libshutdown$$0000000C)
    .ARM.Collect$$libshutdown$$0000000F      0x0800014a   Section        0  libshutdown2.o(.ARM.Collect$$libshutdown$$0000000F)
    .ARM.Collect$$libshutdown$$00000010      0x0800014a   Section        2  libshutdown2.o(.ARM.Collect$$libshutdown$$00000010)
    .ARM.Collect$$rtentry$$00000000          0x0800014c   Section        0  __rtentry.o(.ARM.Collect$$rtentry$$00000000)
    .ARM.Collect$$rtentry$$00000002          0x0800014c   Section        0  __rtentry2.o(.ARM.Collect$$rtentry$$00000002)
    .ARM.Collect$$rtentry$$00000004          0x0800014c   Section        6  __rtentry4.o(.ARM.Collect$$rtentry$$00000004)
    .ARM.Collect$$rtentry$$00000009          0x08000152   Section        0  __rtentry2.o(.ARM.Collect$$rtentry$$00000009)
    .ARM.Collect$$rtentry$$0000000A          0x08000152   Section        4  __rtentry2.o(.ARM.Collect$$rtentry$$0000000A)
    .ARM.Collect$$rtentry$$0000000C          0x08000156   Section        0  __rtentry2.o(.ARM.Collect$$rtentry$$0000000C)
    .ARM.Collect$$rtentry$$0000000D          0x08000156   Section        8  __rtentry2.o(.ARM.Collect$$rtentry$$0000000D)
    .ARM.Collect$$rtexit$$00000000           0x0800015e   Section        2  rtexit.o(.ARM.Collect$$rtexit$$00000000)
    .ARM.Collect$$rtexit$$00000002           0x08000160   Section        0  rtexit2.o(.ARM.Collect$$rtexit$$00000002)
    .ARM.Collect$$rtexit$$00000003           0x08000160   Section        4  rtexit2.o(.ARM.Collect$$rtexit$$00000003)
    .ARM.Collect$$rtexit$$00000004           0x08000164   Section        6  rtexit2.o(.ARM.Collect$$rtexit$$00000004)
    .text                                    0x0800016c   Section       64  startup_stm32f10x_md.o(.text)
    .text                                    0x080001ac   Section      138  rt_memcpy_v6.o(.text)
    .text                                    0x08000236   Section       68  rt_memclr.o(.text)
    .text                                    0x0800027a   Section       78  rt_memclr_w.o(.text)
    .text                                    0x080002c8   Section        0  heapauxi.o(.text)
    .text                                    0x080002ce   Section      100  rt_memcpy_w.o(.text)
    .text                                    0x08000332   Section       74  sys_stackheap_outer.o(.text)
    .text                                    0x0800037c   Section        0  exit.o(.text)
    .text                                    0x08000390   Section        8  libspace.o(.text)
    .text                                    0x08000398   Section        0  sys_exit.o(.text)
    .text                                    0x080003a4   Section        2  use_no_semi.o(.text)
    [Anonymous Symbol]                       0x080003a6   Section        0  stm32f10x_gpio.o(.text.GPIO_Init)
    .text                                    0x080003a6   Section        0  indicate_semi.o(.text)
    [Anonymous Symbol]                       0x08000460   Section        0  stm32f10x_gpio.o(.text.GPIO_PinRemapConfig)
    __arm_cp.15_0                            0x080004cc   Number         4  stm32f10x_gpio.o(.text.GPIO_PinRemapConfig)
    [Anonymous Symbol]                       0x080004d0   Section        0  uart.o(.text.Pin_Config)
    __arm_cp.2_0                             0x0800052c   Number         4  uart.o(.text.Pin_Config)
    __arm_cp.2_1                             0x08000530   Number         4  uart.o(.text.Pin_Config)
    __arm_cp.2_2                             0x08000534   Number         4  uart.o(.text.Pin_Config)
    __arm_cp.2_3                             0x08000538   Number         4  uart.o(.text.Pin_Config)
    [Anonymous Symbol]                       0x0800053c   Section        0  stm32f10x_rcc.o(.text.RCC_APB2PeriphClockCmd)
    __arm_cp.22_0                            0x08000550   Number         4  stm32f10x_rcc.o(.text.RCC_APB2PeriphClockCmd)
    [Anonymous Symbol]                       0x08000554   Section        0  stm32f10x_rcc.o(.text.RCC_GetClocksFreq)
    __arm_cp.20_0                            0x080005c4   Number         4  stm32f10x_rcc.o(.text.RCC_GetClocksFreq)
    __arm_cp.20_1                            0x080005c8   Number         4  stm32f10x_rcc.o(.text.RCC_GetClocksFreq)
    __arm_cp.20_2                            0x080005cc   Number         4  stm32f10x_rcc.o(.text.RCC_GetClocksFreq)
    __arm_cp.20_3                            0x080005d0   Number         4  stm32f10x_rcc.o(.text.RCC_GetClocksFreq)
    __arm_cp.20_4                            0x080005d4   Number         4  stm32f10x_rcc.o(.text.RCC_GetClocksFreq)
    [Anonymous Symbol]                       0x080005d8   Section        0  system_stm32f10x.o(.text.SystemInit)
    __arm_cp.0_0                             0x080006b4   Number         4  system_stm32f10x.o(.text.SystemInit)
    __arm_cp.0_1                             0x080006b8   Number         4  system_stm32f10x.o(.text.SystemInit)
    __arm_cp.0_2                             0x080006bc   Number         4  system_stm32f10x.o(.text.SystemInit)
    __arm_cp.0_3                             0x080006c0   Number         4  system_stm32f10x.o(.text.SystemInit)
    __arm_cp.0_4                             0x080006c4   Number         4  system_stm32f10x.o(.text.SystemInit)
    [Anonymous Symbol]                       0x080006c8   Section        0  uart.o(.text.USART1_IRQHandler)
    __arm_cp.7_2                             0x0800070c   Number         4  uart.o(.text.USART1_IRQHandler)
    [Anonymous Symbol]                       0x08000710   Section        0  stm32f10x_usart.o(.text.USART_ClearITPendingBit)
    [Anonymous Symbol]                       0x0800071e   Section        0  stm32f10x_usart.o(.text.USART_Cmd)
    [Anonymous Symbol]                       0x08000730   Section        0  stm32f10x_usart.o(.text.USART_GetFlagStatus)
    [Anonymous Symbol]                       0x0800073a   Section        0  stm32f10x_usart.o(.text.USART_GetITStatus)
    [Anonymous Symbol]                       0x0800077c   Section        0  stm32f10x_usart.o(.text.USART_ITConfig)
    [Anonymous Symbol]                       0x080007ac   Section        0  stm32f10x_usart.o(.text.USART_Init)
    [Anonymous Symbol]                       0x0800084c   Section        0  stm32f10x_usart.o(.text.USART_ReceiveData)
    [Anonymous Symbol]                       0x08000854   Section        0  stm32f10x_usart.o(.text.USART_SendData)
    [Anonymous Symbol]                       0x0800085c   Section        0  uart.o(.text.Usart_CheckFlag)
    __arm_cp.8_0                             0x0800086c   Number         4  uart.o(.text.Usart_CheckFlag)
    [Anonymous Symbol]                       0x08000870   Section        0  uart.o(.text.Usart_Config)
    __arm_cp.3_0                             0x08000938   Number         4  uart.o(.text.Usart_Config)
    __arm_cp.3_1                             0x0800093c   Number         4  uart.o(.text.Usart_Config)
    __arm_cp.3_2                             0x08000940   Number         4  uart.o(.text.Usart_Config)
    __arm_cp.3_3                             0x08000944   Number         4  uart.o(.text.Usart_Config)
    [Anonymous Symbol]                       0x08000948   Section        0  uart.o(.text.Usart_SendNumber)
    __arm_cp.6_0                             0x08000a2c   Number         4  uart.o(.text.Usart_SendNumber)
    [Anonymous Symbol]                       0x08000a30   Section        0  uart.o(.text.Usart_Send_Char)
    __arm_cp.1_0                             0x08000a4c   Number         4  uart.o(.text.Usart_Send_Char)
    [Anonymous Symbol]                       0x08000a50   Section        0  uart.o(.text.Usart_Send_String)
    [Anonymous Symbol]                       0x08000a64   Section        0  crc.o(.text.crc_slow)
    __arm_cp.2_0                             0x08000ab4   Number         4  crc.o(.text.crc_slow)
    [Anonymous Symbol]                       0x08000ab8   Section        0  lora.o(.text.loRaDecodeFrame)
    [Anonymous Symbol]                       0x08000ba4   Section        0  lora.o(.text.loRaGetFsmFrame)
    [Anonymous Symbol]                       0x08000c86   Section        0  lora.o(.text.loRaInitFsmFrame)
    [Anonymous Symbol]                       0x08000c90   Section        0  lora_ota.o(.text.loRaOtaReceiveHandler)
    __arm_cp.1_1                             0x08000e3c   Number         4  lora_ota.o(.text.loRaOtaReceiveHandler)
    __arm_cp.1_2                             0x08000e40   Number         4  lora_ota.o(.text.loRaOtaReceiveHandler)
    [Anonymous Symbol]                       0x08000e44   Section        0  main.o(.text.loraHandle)
    __arm_cp.1_0                             0x08000ee4   Number         4  main.o(.text.loraHandle)
    __arm_cp.1_1                             0x08000ee8   Number         4  main.o(.text.loraHandle)
    __arm_cp.1_2                             0x08000eec   Number         4  main.o(.text.loraHandle)
    [Anonymous Symbol]                       0x08000ef0   Section        0  main.o(.text.main)
    __arm_cp.0_0                             0x08000f1c   Number         4  main.o(.text.main)
    [Anonymous Symbol]                       0x08000f48   Section        0  lora_ota.o(.text.otaNodeInit)
    __arm_cp.0_0                             0x08000f60   Number         4  lora_ota.o(.text.otaNodeInit)
    [Anonymous Symbol]                       0x08000f64   Section        0  crc.o(.text.reflect)
    x$fpl$fadd                               0x08000f84   Section      196  faddsub_clz.o(x$fpl$fadd)
    _fadd1                                   0x08000f93   Thumb Code     0  faddsub_clz.o(x$fpl$fadd)
    x$fpl$fcmp                               0x08001048   Section       84  fcmp.o(x$fpl$fcmp)
    x$fpl$fcmpinf                            0x0800109c   Section       24  fcmpi.o(x$fpl$fcmpinf)
    x$fpl$feqf                               0x080010b4   Section      104  feqf.o(x$fpl$feqf)
    x$fpl$ffix                               0x0800111c   Section       54  ffix.o(x$fpl$ffix)
    x$fpl$ffixu                              0x08001154   Section       62  ffixu.o(x$fpl$ffixu)
    x$fpl$fflt                               0x08001194   Section       48  fflt_clz.o(x$fpl$fflt)
    x$fpl$ffltu                              0x080011c4   Section       38  fflt_clz.o(x$fpl$ffltu)
    x$fpl$fgeqf                              0x080011ec   Section      104  fgeqf.o(x$fpl$fgeqf)
    x$fpl$fleqf                              0x08001254   Section      104  fleqf.o(x$fpl$fleqf)
    x$fpl$fmul                               0x080012bc   Section      258  fmul.o(x$fpl$fmul)
    x$fpl$fnaninf                            0x080013be   Section      140  fnaninf.o(x$fpl$fnaninf)
    x$fpl$fretinf                            0x0800144a   Section       10  fretinf.o(x$fpl$fretinf)
    x$fpl$fsub                               0x08001454   Section      234  faddsub_clz.o(x$fpl$fsub)
    _fsub1                                   0x08001463   Thumb Code     0  faddsub_clz.o(x$fpl$fsub)
    ADCPrescTable                            0x0800153e   Data           4  stm32f10x_rcc.o(.rodata.ADCPrescTable)
    [Anonymous Symbol]                       0x0800153e   Section        0  stm32f10x_rcc.o(.rodata.ADCPrescTable)
    x$fpl$usenofp                            0x0800153e   Section        0  usenofp.o(x$fpl$usenofp)
    APBAHBPrescTable                         0x08001542   Data          16  stm32f10x_rcc.o(.rodata.APBAHBPrescTable)
    [Anonymous Symbol]                       0x08001542   Section        0  stm32f10x_rcc.o(.rodata.APBAHBPrescTable)
    .bss                                     0x20000000   Section       96  libspace.o(.bss)
    [Anonymous Symbol]                       0x20000060   Section        0  uart.o(.bss..L_MergedGlobals)
    Heap_Mem                                 0x20000520   Data         512  startup_stm32f10x_md.o(HEAP)
    HEAP                                     0x20000520   Section      512  startup_stm32f10x_md.o(HEAP)
    Stack_Mem                                0x20000720   Data        1024  startup_stm32f10x_md.o(STACK)
    STACK                                    0x20000720   Section     1024  startup_stm32f10x_md.o(STACK)
    __initial_sp                             0x20000b20   Data           0  startup_stm32f10x_md.o(STACK)

    Global Symbols

    Symbol Name                              Value     Ov Type        Size  Object(Section)

    BuildAttributes$$THM_ISAv4$P$D$K$B$S$PE$A:L22UL41UL21$X:L11$S22US41US21$IEEE1$IW$~IW$USESV6$~STKCKD$USESV7$WCHAR32$ENUMINT$~SHL$OSPACE$ROPI$EBA8$UX$STANDARDLIB$REQ8$PRES8$EABIv2 0x00000000   Number         0  anon$$obj.o ABSOLUTE
    __ARM_exceptions_init                     - Undefined Weak Reference
    __alloca_initialize                       - Undefined Weak Reference
    __arm_preinit_                            - Undefined Weak Reference
    __cpp_initialize__aeabi_                  - Undefined Weak Reference
    __cxa_finalize                            - Undefined Weak Reference
    __rt_locale                               - Undefined Weak Reference
    __sigvec_lookup                           - Undefined Weak Reference
    _atexit_init                              - Undefined Weak Reference
    _call_atexit_fns                          - Undefined Weak Reference
    _clock_init                               - Undefined Weak Reference
    _fp_trap_init                             - Undefined Weak Reference
    _fp_trap_shutdown                         - Undefined Weak Reference
    _get_lc_collate                           - Undefined Weak Reference
    _get_lc_ctype                             - Undefined Weak Reference
    _get_lc_monetary                          - Undefined Weak Reference
    _get_lc_numeric                           - Undefined Weak Reference
    _get_lc_time                              - Undefined Weak Reference
    _getenv_init                              - Undefined Weak Reference
    _handle_redirection                       - Undefined Weak Reference
    _init_alloc                               - Undefined Weak Reference
    _init_user_alloc                          - Undefined Weak Reference
    _initio                                   - Undefined Weak Reference
    _rand_init                                - Undefined Weak Reference
    _signal_finish                            - Undefined Weak Reference
    _signal_init                              - Undefined Weak Reference
    _terminate_alloc                          - Undefined Weak Reference
    _terminate_user_alloc                     - Undefined Weak Reference
    _terminateio                              - Undefined Weak Reference
    __Vectors_Size                           0x000000ec   Number         0  startup_stm32f10x_md.o ABSOLUTE
    __Vectors                                0x08000000   Data           4  startup_stm32f10x_md.o(RESET)
    __Vectors_End                            0x080000ec   Data           0  startup_stm32f10x_md.o(RESET)
    __main                                   0x080000ed   Thumb Code     8  __main.o(!!!main)
    __scatterload                            0x080000f5   Thumb Code     0  __scatter.o(!!!scatter)
    __scatterload_rt2                        0x080000f5   Thumb Code    44  __scatter.o(!!!scatter)
    __scatterload_rt2_thumb_only             0x080000f5   Thumb Code     0  __scatter.o(!!!scatter)
    __scatterload_null                       0x08000103   Thumb Code     0  __scatter.o(!!!scatter)
    __scatterload_zeroinit                   0x08000129   Thumb Code    28  __scatter_zi.o(!!handler_zi)
    __rt_lib_init                            0x08000145   Thumb Code     0  libinit.o(.ARM.Collect$$libinit$$00000000)
    __rt_lib_init_alloca_1                   0x08000147   Thumb Code     0  libinit2.o(.ARM.Collect$$libinit$$0000002E)
    __rt_lib_init_argv_1                     0x08000147   Thumb Code     0  libinit2.o(.ARM.Collect$$libinit$$0000002C)
    __rt_lib_init_atexit_1                   0x08000147   Thumb Code     0  libinit2.o(.ARM.Collect$$libinit$$0000001B)
    __rt_lib_init_clock_1                    0x08000147   Thumb Code     0  libinit2.o(.ARM.Collect$$libinit$$00000021)
    __rt_lib_init_cpp_1                      0x08000147   Thumb Code     0  libinit2.o(.ARM.Collect$$libinit$$00000032)
    __rt_lib_init_exceptions_1               0x08000147   Thumb Code     0  libinit2.o(.ARM.Collect$$libinit$$00000030)
    __rt_lib_init_fp_1                       0x08000147   Thumb Code     0  libinit2.o(.ARM.Collect$$libinit$$00000002)
    __rt_lib_init_fp_trap_1                  0x08000147   Thumb Code     0  libinit2.o(.ARM.Collect$$libinit$$0000001F)
    __rt_lib_init_getenv_1                   0x08000147   Thumb Code     0  libinit2.o(.ARM.Collect$$libinit$$00000023)
    __rt_lib_init_heap_1                     0x08000147   Thumb Code     0  libinit2.o(.ARM.Collect$$libinit$$0000000A)
    __rt_lib_init_lc_collate_1               0x08000147   Thumb Code     0  libinit2.o(.ARM.Collect$$libinit$$00000011)
    __rt_lib_init_lc_ctype_1                 0x08000147   Thumb Code     0  libinit2.o(.ARM.Collect$$libinit$$00000013)
    __rt_lib_init_lc_monetary_1              0x08000147   Thumb Code     0  libinit2.o(.ARM.Collect$$libinit$$00000015)
    __rt_lib_init_lc_numeric_1               0x08000147   Thumb Code     0  libinit2.o(.ARM.Collect$$libinit$$00000017)
    __rt_lib_init_lc_time_1                  0x08000147   Thumb Code     0  libinit2.o(.ARM.Collect$$libinit$$00000019)
    __rt_lib_init_preinit_1                  0x08000147   Thumb Code     0  libinit2.o(.ARM.Collect$$libinit$$00000004)
    __rt_lib_init_rand_1                     0x08000147   Thumb Code     0  libinit2.o(.ARM.Collect$$libinit$$0000000E)
    __rt_lib_init_return                     0x08000147   Thumb Code     0  libinit2.o(.ARM.Collect$$libinit$$00000033)
    __rt_lib_init_signal_1                   0x08000147   Thumb Code     0  libinit2.o(.ARM.Collect$$libinit$$0000001D)
    __rt_lib_init_stdio_1                    0x08000147   Thumb Code     0  libinit2.o(.ARM.Collect$$libinit$$00000025)
    __rt_lib_init_user_alloc_1               0x08000147   Thumb Code     0  libinit2.o(.ARM.Collect$$libinit$$0000000C)
    __rt_lib_shutdown                        0x08000149   Thumb Code     0  libshutdown.o(.ARM.Collect$$libshutdown$$00000000)
    __rt_lib_shutdown_cpp_1                  0x0800014b   Thumb Code     0  libshutdown2.o(.ARM.Collect$$libshutdown$$00000002)
    __rt_lib_shutdown_fp_trap_1              0x0800014b   Thumb Code     0  libshutdown2.o(.ARM.Collect$$libshutdown$$00000007)
    __rt_lib_shutdown_heap_1                 0x0800014b   Thumb Code     0  libshutdown2.o(.ARM.Collect$$libshutdown$$0000000F)
    __rt_lib_shutdown_return                 0x0800014b   Thumb Code     0  libshutdown2.o(.ARM.Collect$$libshutdown$$00000010)
    __rt_lib_shutdown_signal_1               0x0800014b   Thumb Code     0  libshutdown2.o(.ARM.Collect$$libshutdown$$0000000A)
    __rt_lib_shutdown_stdio_1                0x0800014b   Thumb Code     0  libshutdown2.o(.ARM.Collect$$libshutdown$$00000004)
    __rt_lib_shutdown_user_alloc_1           0x0800014b   Thumb Code     0  libshutdown2.o(.ARM.Collect$$libshutdown$$0000000C)
    __rt_entry                               0x0800014d   Thumb Code     0  __rtentry.o(.ARM.Collect$$rtentry$$00000000)
    __rt_entry_presh_1                       0x0800014d   Thumb Code     0  __rtentry2.o(.ARM.Collect$$rtentry$$00000002)
    __rt_entry_sh                            0x0800014d   Thumb Code     0  __rtentry4.o(.ARM.Collect$$rtentry$$00000004)
    __rt_entry_li                            0x08000153   Thumb Code     0  __rtentry2.o(.ARM.Collect$$rtentry$$0000000A)
    __rt_entry_postsh_1                      0x08000153   Thumb Code     0  __rtentry2.o(.ARM.Collect$$rtentry$$00000009)
    __rt_entry_main                          0x08000157   Thumb Code     0  __rtentry2.o(.ARM.Collect$$rtentry$$0000000D)
    __rt_entry_postli_1                      0x08000157   Thumb Code     0  __rtentry2.o(.ARM.Collect$$rtentry$$0000000C)
    __rt_exit                                0x0800015f   Thumb Code     0  rtexit.o(.ARM.Collect$$rtexit$$00000000)
    __rt_exit_ls                             0x08000161   Thumb Code     0  rtexit2.o(.ARM.Collect$$rtexit$$00000003)
    __rt_exit_prels_1                        0x08000161   Thumb Code     0  rtexit2.o(.ARM.Collect$$rtexit$$00000002)
    __rt_exit_exit                           0x08000165   Thumb Code     0  rtexit2.o(.ARM.Collect$$rtexit$$00000004)
    Reset_Handler                            0x0800016d   Thumb Code     8  startup_stm32f10x_md.o(.text)
    NMI_Handler                              0x08000175   Thumb Code     2  startup_stm32f10x_md.o(.text)
    HardFault_Handler                        0x08000177   Thumb Code     2  startup_stm32f10x_md.o(.text)
    MemManage_Handler                        0x08000179   Thumb Code     2  startup_stm32f10x_md.o(.text)
    BusFault_Handler                         0x0800017b   Thumb Code     2  startup_stm32f10x_md.o(.text)
    UsageFault_Handler                       0x0800017d   Thumb Code     2  startup_stm32f10x_md.o(.text)
    SVC_Handler                              0x0800017f   Thumb Code     2  startup_stm32f10x_md.o(.text)
    DebugMon_Handler                         0x08000181   Thumb Code     2  startup_stm32f10x_md.o(.text)
    PendSV_Handler                           0x08000183   Thumb Code     2  startup_stm32f10x_md.o(.text)
    SysTick_Handler                          0x08000185   Thumb Code     2  startup_stm32f10x_md.o(.text)
    ADC1_2_IRQHandler                        0x08000187   Thumb Code     0  startup_stm32f10x_md.o(.text)
    CAN1_RX1_IRQHandler                      0x08000187   Thumb Code     0  startup_stm32f10x_md.o(.text)
    CAN1_SCE_IRQHandler                      0x08000187   Thumb Code     0  startup_stm32f10x_md.o(.text)
    DMA1_Channel1_IRQHandler                 0x08000187   Thumb Code     0  startup_stm32f10x_md.o(.text)
    DMA1_Channel2_IRQHandler                 0x08000187   Thumb Code     0  startup_stm32f10x_md.o(.text)
    DMA1_Channel3_IRQHandler                 0x08000187   Thumb Code     0  startup_stm32f10x_md.o(.text)
    DMA1_Channel4_IRQHandler                 0x08000187   Thumb Code     0  startup_stm32f10x_md.o(.text)
    DMA1_Channel5_IRQHandler                 0x08000187   Thumb Code     0  startup_stm32f10x_md.o(.text)
    DMA1_Channel6_IRQHandler                 0x08000187   Thumb Code     0  startup_stm32f10x_md.o(.text)
    DMA1_Channel7_IRQHandler                 0x08000187   Thumb Code     0  startup_stm32f10x_md.o(.text)
    EXTI0_IRQHandler                         0x08000187   Thumb Code     0  startup_stm32f10x_md.o(.text)
    EXTI15_10_IRQHandler                     0x08000187   Thumb Code     0  startup_stm32f10x_md.o(.text)
    EXTI1_IRQHandler                         0x08000187   Thumb Code     0  startup_stm32f10x_md.o(.text)
    EXTI2_IRQHandler                         0x08000187   Thumb Code     0  startup_stm32f10x_md.o(.text)
    EXTI3_IRQHandler                         0x08000187   Thumb Code     0  startup_stm32f10x_md.o(.text)
    EXTI4_IRQHandler                         0x08000187   Thumb Code     0  startup_stm32f10x_md.o(.text)
    EXTI9_5_IRQHandler                       0x08000187   Thumb Code     0  startup_stm32f10x_md.o(.text)
    FLASH_IRQHandler                         0x08000187   Thumb Code     0  startup_stm32f10x_md.o(.text)
    I2C1_ER_IRQHandler                       0x08000187   Thumb Code     0  startup_stm32f10x_md.o(.text)
    I2C1_EV_IRQHandler                       0x08000187   Thumb Code     0  startup_stm32f10x_md.o(.text)
    I2C2_ER_IRQHandler                       0x08000187   Thumb Code     0  startup_stm32f10x_md.o(.text)
    I2C2_EV_IRQHandler                       0x08000187   Thumb Code     0  startup_stm32f10x_md.o(.text)
    PVD_IRQHandler                           0x08000187   Thumb Code     0  startup_stm32f10x_md.o(.text)
    RCC_IRQHandler                           0x08000187   Thumb Code     0  startup_stm32f10x_md.o(.text)
    RTCAlarm_IRQHandler                      0x08000187   Thumb Code     0  startup_stm32f10x_md.o(.text)
    RTC_IRQHandler                           0x08000187   Thumb Code     0  startup_stm32f10x_md.o(.text)
    SPI1_IRQHandler                          0x08000187   Thumb Code     0  startup_stm32f10x_md.o(.text)
    SPI2_IRQHandler                          0x08000187   Thumb Code     0  startup_stm32f10x_md.o(.text)
    TAMPER_IRQHandler                        0x08000187   Thumb Code     0  startup_stm32f10x_md.o(.text)
    TIM1_BRK_IRQHandler                      0x08000187   Thumb Code     0  startup_stm32f10x_md.o(.text)
    TIM1_CC_IRQHandler                       0x08000187   Thumb Code     0  startup_stm32f10x_md.o(.text)
    TIM1_TRG_COM_IRQHandler                  0x08000187   Thumb Code     0  startup_stm32f10x_md.o(.text)
    TIM1_UP_IRQHandler                       0x08000187   Thumb Code     0  startup_stm32f10x_md.o(.text)
    TIM2_IRQHandler                          0x08000187   Thumb Code     0  startup_stm32f10x_md.o(.text)
    TIM3_IRQHandler                          0x08000187   Thumb Code     0  startup_stm32f10x_md.o(.text)
    TIM4_IRQHandler                          0x08000187   Thumb Code     0  startup_stm32f10x_md.o(.text)
    USART2_IRQHandler                        0x08000187   Thumb Code     0  startup_stm32f10x_md.o(.text)
    USART3_IRQHandler                        0x08000187   Thumb Code     0  startup_stm32f10x_md.o(.text)
    USBWakeUp_IRQHandler                     0x08000187   Thumb Code     0  startup_stm32f10x_md.o(.text)
    USB_HP_CAN1_TX_IRQHandler                0x08000187   Thumb Code     0  startup_stm32f10x_md.o(.text)
    USB_LP_CAN1_RX0_IRQHandler               0x08000187   Thumb Code     0  startup_stm32f10x_md.o(.text)
    WWDG_IRQHandler                          0x08000187   Thumb Code     0  startup_stm32f10x_md.o(.text)
    __user_initial_stackheap                 0x08000189   Thumb Code     0  startup_stm32f10x_md.o(.text)
    __aeabi_memcpy                           0x080001ad   Thumb Code     0  rt_memcpy_v6.o(.text)
    __rt_memcpy                              0x080001ad   Thumb Code   138  rt_memcpy_v6.o(.text)
    _memcpy_lastbytes                        0x08000213   Thumb Code     0  rt_memcpy_v6.o(.text)
    __aeabi_memclr                           0x08000237   Thumb Code     0  rt_memclr.o(.text)
    __rt_memclr                              0x08000237   Thumb Code    68  rt_memclr.o(.text)
    _memset                                  0x0800023b   Thumb Code     0  rt_memclr.o(.text)
    __aeabi_memclr4                          0x0800027b   Thumb Code     0  rt_memclr_w.o(.text)
    __aeabi_memclr8                          0x0800027b   Thumb Code     0  rt_memclr_w.o(.text)
    __rt_memclr_w                            0x0800027b   Thumb Code    78  rt_memclr_w.o(.text)
    _memset_w                                0x0800027f   Thumb Code     0  rt_memclr_w.o(.text)
    __use_two_region_memory                  0x080002c9   Thumb Code     2  heapauxi.o(.text)
    __rt_heap_escrow$2region                 0x080002cb   Thumb Code     2  heapauxi.o(.text)
    __rt_heap_expand$2region                 0x080002cd   Thumb Code     2  heapauxi.o(.text)
    __aeabi_memcpy4                          0x080002cf   Thumb Code     0  rt_memcpy_w.o(.text)
    __aeabi_memcpy8                          0x080002cf   Thumb Code     0  rt_memcpy_w.o(.text)
    __rt_memcpy_w                            0x080002cf   Thumb Code   100  rt_memcpy_w.o(.text)
    _memcpy_lastbytes_aligned                0x08000317   Thumb Code     0  rt_memcpy_w.o(.text)
    __user_setup_stackheap                   0x08000333   Thumb Code    74  sys_stackheap_outer.o(.text)
    exit                                     0x0800037d   Thumb Code    18  exit.o(.text)
    __user_libspace                          0x08000391   Thumb Code     8  libspace.o(.text)
    __user_perproc_libspace                  0x08000391   Thumb Code     0  libspace.o(.text)
    __user_perthread_libspace                0x08000391   Thumb Code     0  libspace.o(.text)
    _sys_exit                                0x08000399   Thumb Code     8  sys_exit.o(.text)
    __I$use$semihosting                      0x080003a5   Thumb Code     0  use_no_semi.o(.text)
    __use_no_semihosting_swi                 0x080003a5   Thumb Code     2  use_no_semi.o(.text)
    GPIO_Init                                0x080003a7   Thumb Code   184  stm32f10x_gpio.o(.text.GPIO_Init)
    __semihosting_library_function           0x080003a7   Thumb Code     0  indicate_semi.o(.text)
    GPIO_PinRemapConfig                      0x08000461   Thumb Code   112  stm32f10x_gpio.o(.text.GPIO_PinRemapConfig)
    Pin_Config                               0x080004d1   Thumb Code   108  uart.o(.text.Pin_Config)
    RCC_APB2PeriphClockCmd                   0x0800053d   Thumb Code    24  stm32f10x_rcc.o(.text.RCC_APB2PeriphClockCmd)
    RCC_GetClocksFreq                        0x08000555   Thumb Code   132  stm32f10x_rcc.o(.text.RCC_GetClocksFreq)
    SystemInit                               0x080005d9   Thumb Code   240  system_stm32f10x.o(.text.SystemInit)
    USART1_IRQHandler                        0x080006c9   Thumb Code    80  uart.o(.text.USART1_IRQHandler)
    USART_ClearITPendingBit                  0x08000711   Thumb Code    14  stm32f10x_usart.o(.text.USART_ClearITPendingBit)
    USART_Cmd                                0x0800071f   Thumb Code    18  stm32f10x_usart.o(.text.USART_Cmd)
    USART_GetFlagStatus                      0x08000731   Thumb Code    10  stm32f10x_usart.o(.text.USART_GetFlagStatus)
    USART_GetITStatus                        0x0800073b   Thumb Code    66  stm32f10x_usart.o(.text.USART_GetITStatus)
    USART_ITConfig                           0x0800077d   Thumb Code    46  stm32f10x_usart.o(.text.USART_ITConfig)
    USART_Init                               0x080007ad   Thumb Code   164  stm32f10x_usart.o(.text.USART_Init)
    USART_ReceiveData                        0x0800084d   Thumb Code     8  stm32f10x_usart.o(.text.USART_ReceiveData)
    USART_SendData                           0x08000855   Thumb Code     8  stm32f10x_usart.o(.text.USART_SendData)
    Usart_CheckFlag                          0x0800085d   Thumb Code    20  uart.o(.text.Usart_CheckFlag)
    Usart_Config                             0x08000871   Thumb Code   216  uart.o(.text.Usart_Config)
    Usart_SendNumber                         0x08000949   Thumb Code   232  uart.o(.text.Usart_SendNumber)
    Usart_Send_Char                          0x08000a31   Thumb Code    32  uart.o(.text.Usart_Send_Char)
    Usart_Send_String                        0x08000a51   Thumb Code    20  uart.o(.text.Usart_Send_String)
    crc_slow                                 0x08000a65   Thumb Code    84  crc.o(.text.crc_slow)
    loRaDecodeFrame                          0x08000ab9   Thumb Code   234  lora.o(.text.loRaDecodeFrame)
    loRaGetFsmFrame                          0x08000ba5   Thumb Code   226  lora.o(.text.loRaGetFsmFrame)
    loRaInitFsmFrame                         0x08000c87   Thumb Code     8  lora.o(.text.loRaInitFsmFrame)
    loRaOtaReceiveHandler                    0x08000c91   Thumb Code   440  lora_ota.o(.text.loRaOtaReceiveHandler)
    loraHandle                               0x08000e45   Thumb Code   172  main.o(.text.loraHandle)
    main                                     0x08000ef1   Thumb Code    88  main.o(.text.main)
    otaNodeInit                              0x08000f49   Thumb Code    28  lora_ota.o(.text.otaNodeInit)
    reflect                                  0x08000f65   Thumb Code    32  crc.o(.text.reflect)
    __aeabi_fadd                             0x08000f85   Thumb Code     0  faddsub_clz.o(x$fpl$fadd)
    _fadd                                    0x08000f85   Thumb Code   196  faddsub_clz.o(x$fpl$fadd)
    __aeabi_fcmpeq                           0x08001049   Thumb Code     0  fcmp.o(x$fpl$fcmp)
    _feq                                     0x08001049   Thumb Code    14  fcmp.o(x$fpl$fcmp)
    _fneq                                    0x08001057   Thumb Code    14  fcmp.o(x$fpl$fcmp)
    __aeabi_fcmpgt                           0x08001065   Thumb Code     0  fcmp.o(x$fpl$fcmp)
    _fgr                                     0x08001065   Thumb Code    14  fcmp.o(x$fpl$fcmp)
    __aeabi_fcmpge                           0x08001073   Thumb Code     0  fcmp.o(x$fpl$fcmp)
    _fgeq                                    0x08001073   Thumb Code    14  fcmp.o(x$fpl$fcmp)
    __aeabi_fcmple                           0x08001081   Thumb Code     0  fcmp.o(x$fpl$fcmp)
    _fleq                                    0x08001081   Thumb Code    14  fcmp.o(x$fpl$fcmp)
    __aeabi_fcmplt                           0x0800108f   Thumb Code     0  fcmp.o(x$fpl$fcmp)
    _fls                                     0x0800108f   Thumb Code    14  fcmp.o(x$fpl$fcmp)
    __fpl_fcmp_Inf                           0x0800109d   Thumb Code    24  fcmpi.o(x$fpl$fcmpinf)
    __aeabi_cfcmpeq                          0x080010b5   Thumb Code     0  feqf.o(x$fpl$feqf)
    _fcmpeq                                  0x080010b5   Thumb Code   104  feqf.o(x$fpl$feqf)
    __aeabi_f2iz                             0x0800111d   Thumb Code     0  ffix.o(x$fpl$ffix)
    _ffix                                    0x0800111d   Thumb Code    54  ffix.o(x$fpl$ffix)
    __aeabi_f2uiz                            0x08001155   Thumb Code     0  ffixu.o(x$fpl$ffixu)
    _ffixu                                   0x08001155   Thumb Code    62  ffixu.o(x$fpl$ffixu)
    __aeabi_i2f                              0x08001195   Thumb Code     0  fflt_clz.o(x$fpl$fflt)
    _fflt                                    0x08001195   Thumb Code    48  fflt_clz.o(x$fpl$fflt)
    __aeabi_ui2f                             0x080011c5   Thumb Code     0  fflt_clz.o(x$fpl$ffltu)
    _ffltu                                   0x080011c5   Thumb Code    38  fflt_clz.o(x$fpl$ffltu)
    _fcmpge                                  0x080011ed   Thumb Code   104  fgeqf.o(x$fpl$fgeqf)
    __aeabi_cfcmple                          0x08001255   Thumb Code     0  fleqf.o(x$fpl$fleqf)
    _fcmple                                  0x08001255   Thumb Code   104  fleqf.o(x$fpl$fleqf)
    __fpl_fcmple_InfNaN                      0x080012a7   Thumb Code     0  fleqf.o(x$fpl$fleqf)
    __aeabi_fmul                             0x080012bd   Thumb Code     0  fmul.o(x$fpl$fmul)
    _fmul                                    0x080012bd   Thumb Code   258  fmul.o(x$fpl$fmul)
    __fpl_fnaninf                            0x080013bf   Thumb Code   140  fnaninf.o(x$fpl$fnaninf)
    __fpl_fretinf                            0x0800144b   Thumb Code    10  fretinf.o(x$fpl$fretinf)
    __aeabi_fsub                             0x08001455   Thumb Code     0  faddsub_clz.o(x$fpl$fsub)
    _fsub                                    0x08001455   Thumb Code   234  faddsub_clz.o(x$fpl$fsub)
    __I$use$fp                               0x0800153e   Number         0  usenofp.o(x$fpl$usenofp)
    Region$$Table$$Base                      0x08001554   Number         0  anon$$obj.o(Region$$Table)
    Region$$Table$$Limit                     0x08001564   Number         0  anon$$obj.o(Region$$Table)
    __libspace_start                         0x20000000   Data          96  libspace.o(.bss)
    __temporary_stack_top$libspace           0x20000060   Data           0  libspace.o(.bss)
    flag_end_receive                         0x20000060   Data           1  uart.o(.bss..L_MergedGlobals)
    data_receice                             0x20000061   Data           1  uart.o(.bss..L_MergedGlobals)
    firmware_receive_buffer                  0x20000062   Data        1024  main.o(.bss.firmware_receive_buffer)
    lora_fsm_frame                           0x20000464   Data         160  lora.o(.bss.lora_fsm_frame)
    ota_node                                 0x20000504   Data          28  lora_ota.o(.bss.ota_node)



==============================================================================

Memory Map of the image

  Image Entry point : 0x080000ed

  Load Region LR_IROM1 (Base: 0x08000000, Size: 0x00001564, Max: 0x00010000, ABSOLUTE)

    Execution Region ER_IROM1 (Exec base: 0x08000000, Load base: 0x08000000, Size: 0x00001564, Max: 0x00010000, ABSOLUTE)

    Exec Addr    Load Addr    Size         Type   Attr      Idx    E Section Name        Object

    0x08000000   0x08000000   0x000000ec   Data   RO          357    RESET               startup_stm32f10x_md.o
    0x080000ec   0x080000ec   0x00000008   Code   RO          391  * !!!main             c_wu.l(__main.o)
    0x080000f4   0x080000f4   0x00000034   Code   RO          593    !!!scatter          c_wu.l(__scatter.o)
    0x08000128   0x08000128   0x0000001c   Code   RO          595    !!handler_zi        c_wu.l(__scatter_zi.o)
    0x08000144   0x08000144   0x00000002   Code   RO          457    .ARM.Collect$$libinit$$00000000  c_wu.l(libinit.o)
    0x08000146   0x08000146   0x00000000   Code   RO          464    .ARM.Collect$$libinit$$00000002  c_wu.l(libinit2.o)
    0x08000146   0x08000146   0x00000000   Code   RO          466    .ARM.Collect$$libinit$$00000004  c_wu.l(libinit2.o)
    0x08000146   0x08000146   0x00000000   Code   RO          469    .ARM.Collect$$libinit$$0000000A  c_wu.l(libinit2.o)
    0x08000146   0x08000146   0x00000000   Code   RO          471    .ARM.Collect$$libinit$$0000000C  c_wu.l(libinit2.o)
    0x08000146   0x08000146   0x00000000   Code   RO          473    .ARM.Collect$$libinit$$0000000E  c_wu.l(libinit2.o)
    0x08000146   0x08000146   0x00000000   Code   RO          476    .ARM.Collect$$libinit$$00000011  c_wu.l(libinit2.o)
    0x08000146   0x08000146   0x00000000   Code   RO          478    .ARM.Collect$$libinit$$00000013  c_wu.l(libinit2.o)
    0x08000146   0x08000146   0x00000000   Code   RO          480    .ARM.Collect$$libinit$$00000015  c_wu.l(libinit2.o)
    0x08000146   0x08000146   0x00000000   Code   RO          482    .ARM.Collect$$libinit$$00000017  c_wu.l(libinit2.o)
    0x08000146   0x08000146   0x00000000   Code   RO          484    .ARM.Collect$$libinit$$00000019  c_wu.l(libinit2.o)
    0x08000146   0x08000146   0x00000000   Code   RO          486    .ARM.Collect$$libinit$$0000001B  c_wu.l(libinit2.o)
    0x08000146   0x08000146   0x00000000   Code   RO          488    .ARM.Collect$$libinit$$0000001D  c_wu.l(libinit2.o)
    0x08000146   0x08000146   0x00000000   Code   RO          490    .ARM.Collect$$libinit$$0000001F  c_wu.l(libinit2.o)
    0x08000146   0x08000146   0x00000000   Code   RO          492    .ARM.Collect$$libinit$$00000021  c_wu.l(libinit2.o)
    0x08000146   0x08000146   0x00000000   Code   RO          494    .ARM.Collect$$libinit$$00000023  c_wu.l(libinit2.o)
    0x08000146   0x08000146   0x00000000   Code   RO          496    .ARM.Collect$$libinit$$00000025  c_wu.l(libinit2.o)
    0x08000146   0x08000146   0x00000000   Code   RO          500    .ARM.Collect$$libinit$$0000002C  c_wu.l(libinit2.o)
    0x08000146   0x08000146   0x00000000   Code   RO          502    .ARM.Collect$$libinit$$0000002E  c_wu.l(libinit2.o)
    0x08000146   0x08000146   0x00000000   Code   RO          504    .ARM.Collect$$libinit$$00000030  c_wu.l(libinit2.o)
    0x08000146   0x08000146   0x00000000   Code   RO          506    .ARM.Collect$$libinit$$00000032  c_wu.l(libinit2.o)
    0x08000146   0x08000146   0x00000002   Code   RO          507    .ARM.Collect$$libinit$$00000033  c_wu.l(libinit2.o)
    0x08000148   0x08000148   0x00000002   Code   RO          529    .ARM.Collect$$libshutdown$$00000000  c_wu.l(libshutdown.o)
    0x0800014a   0x0800014a   0x00000000   Code   RO          544    .ARM.Collect$$libshutdown$$00000002  c_wu.l(libshutdown2.o)
    0x0800014a   0x0800014a   0x00000000   Code   RO          546    .ARM.Collect$$libshutdown$$00000004  c_wu.l(libshutdown2.o)
    0x0800014a   0x0800014a   0x00000000   Code   RO          549    .ARM.Collect$$libshutdown$$00000007  c_wu.l(libshutdown2.o)
    0x0800014a   0x0800014a   0x00000000   Code   RO          552    .ARM.Collect$$libshutdown$$0000000A  c_wu.l(libshutdown2.o)
    0x0800014a   0x0800014a   0x00000000   Code   RO          554    .ARM.Collect$$libshutdown$$0000000C  c_wu.l(libshutdown2.o)
    0x0800014a   0x0800014a   0x00000000   Code   RO          557    .ARM.Collect$$libshutdown$$0000000F  c_wu.l(libshutdown2.o)
    0x0800014a   0x0800014a   0x00000002   Code   RO          558    .ARM.Collect$$libshutdown$$00000010  c_wu.l(libshutdown2.o)
    0x0800014c   0x0800014c   0x00000000   Code   RO          417    .ARM.Collect$$rtentry$$00000000  c_wu.l(__rtentry.o)
    0x0800014c   0x0800014c   0x00000000   Code   RO          432    .ARM.Collect$$rtentry$$00000002  c_wu.l(__rtentry2.o)
    0x0800014c   0x0800014c   0x00000006   Code   RO          444    .ARM.Collect$$rtentry$$00000004  c_wu.l(__rtentry4.o)
    0x08000152   0x08000152   0x00000000   Code   RO          434    .ARM.Collect$$rtentry$$00000009  c_wu.l(__rtentry2.o)
    0x08000152   0x08000152   0x00000004   Code   RO          435    .ARM.Collect$$rtentry$$0000000A  c_wu.l(__rtentry2.o)
    0x08000156   0x08000156   0x00000000   Code   RO          437    .ARM.Collect$$rtentry$$0000000C  c_wu.l(__rtentry2.o)
    0x08000156   0x08000156   0x00000008   Code   RO          438    .ARM.Collect$$rtentry$$0000000D  c_wu.l(__rtentry2.o)
    0x0800015e   0x0800015e   0x00000002   Code   RO          461    .ARM.Collect$$rtexit$$00000000  c_wu.l(rtexit.o)
    0x08000160   0x08000160   0x00000000   Code   RO          509    .ARM.Collect$$rtexit$$00000002  c_wu.l(rtexit2.o)
    0x08000160   0x08000160   0x00000004   Code   RO          510    .ARM.Collect$$rtexit$$00000003  c_wu.l(rtexit2.o)
    0x08000164   0x08000164   0x00000006   Code   RO          511    .ARM.Collect$$rtexit$$00000004  c_wu.l(rtexit2.o)
    0x0800016a   0x0800016a   0x00000002   PAD
    0x0800016c   0x0800016c   0x00000040   Code   RO          358    .text               startup_stm32f10x_md.o
    0x080001ac   0x080001ac   0x0000008a   Code   RO          383    .text               c_wu.l(rt_memcpy_v6.o)
    0x08000236   0x08000236   0x00000044   Code   RO          385    .text               c_wu.l(rt_memclr.o)
    0x0800027a   0x0800027a   0x0000004e   Code   RO          387    .text               c_wu.l(rt_memclr_w.o)
    0x080002c8   0x080002c8   0x00000006   Code   RO          389    .text               c_wu.l(heapauxi.o)
    0x080002ce   0x080002ce   0x00000064   Code   RO          418    .text               c_wu.l(rt_memcpy_w.o)
    0x08000332   0x08000332   0x0000004a   Code   RO          448    .text               c_wu.l(sys_stackheap_outer.o)
    0x0800037c   0x0800037c   0x00000012   Code   RO          450    .text               c_wu.l(exit.o)
    0x0800038e   0x0800038e   0x00000002   PAD
    0x08000390   0x08000390   0x00000008   Code   RO          458    .text               c_wu.l(libspace.o)
    0x08000398   0x08000398   0x0000000c   Code   RO          519    .text               c_wu.l(sys_exit.o)
    0x080003a4   0x080003a4   0x00000002   Code   RO          534    .text               c_wu.l(use_no_semi.o)
    0x080003a6   0x080003a6   0x00000000   Code   RO          536    .text               c_wu.l(indicate_semi.o)
    0x080003a6   0x080003a6   0x000000b8   Code   RO          173    .text.GPIO_Init     stm32f10x_gpio.o
    0x0800045e   0x0800045e   0x00000002   PAD
    0x08000460   0x08000460   0x00000070   Code   RO          199    .text.GPIO_PinRemapConfig  stm32f10x_gpio.o
    0x080004d0   0x080004d0   0x0000006c   Code   RO           21    .text.Pin_Config    uart.o
    0x0800053c   0x0800053c   0x00000018   Code   RO          258    .text.RCC_APB2PeriphClockCmd  stm32f10x_rcc.o
    0x08000554   0x08000554   0x00000084   Code   RO          254    .text.RCC_GetClocksFreq  stm32f10x_rcc.o
    0x080005d8   0x080005d8   0x000000f0   Code   RO          365    .text.SystemInit    system_stm32f10x.o
    0x080006c8   0x080006c8   0x00000048   Code   RO           31    .text.USART1_IRQHandler  uart.o
    0x08000710   0x08000710   0x0000000e   Code   RO          345    .text.USART_ClearITPendingBit  stm32f10x_usart.o
    0x0800071e   0x0800071e   0x00000012   Code   RO          299    .text.USART_Cmd     stm32f10x_usart.o
    0x08000730   0x08000730   0x0000000a   Code   RO          339    .text.USART_GetFlagStatus  stm32f10x_usart.o
    0x0800073a   0x0800073a   0x00000042   Code   RO          343    .text.USART_GetITStatus  stm32f10x_usart.o
    0x0800077c   0x0800077c   0x0000002e   Code   RO          301    .text.USART_ITConfig  stm32f10x_usart.o
    0x080007aa   0x080007aa   0x00000002   PAD
    0x080007ac   0x080007ac   0x000000a0   Code   RO          291    .text.USART_Init    stm32f10x_usart.o
    0x0800084c   0x0800084c   0x00000008   Code   RO          317    .text.USART_ReceiveData  stm32f10x_usart.o
    0x08000854   0x08000854   0x00000008   Code   RO          315    .text.USART_SendData  stm32f10x_usart.o
    0x0800085c   0x0800085c   0x00000014   Code   RO           33    .text.Usart_CheckFlag  uart.o
    0x08000870   0x08000870   0x000000d8   Code   RO           23    .text.Usart_Config  uart.o
    0x08000948   0x08000948   0x000000e8   Code   RO           29    .text.Usart_SendNumber  uart.o
    0x08000a30   0x08000a30   0x00000020   Code   RO           19    .text.Usart_Send_Char  uart.o
    0x08000a50   0x08000a50   0x00000014   Code   RO           27    .text.Usart_Send_String  uart.o
    0x08000a64   0x08000a64   0x00000054   Code   RO           58    .text.crc_slow      crc.o
    0x08000ab8   0x08000ab8   0x000000ea   Code   RO           74    .text.loRaDecodeFrame  lora.o
    0x08000ba2   0x08000ba2   0x00000002   PAD
    0x08000ba4   0x08000ba4   0x000000e2   Code   RO           76    .text.loRaGetFsmFrame  lora.o
    0x08000c86   0x08000c86   0x00000008   Code   RO           78    .text.loRaInitFsmFrame  lora.o
    0x08000c8e   0x08000c8e   0x00000002   PAD
    0x08000c90   0x08000c90   0x000001b4   Code   RO          124    .text.loRaOtaReceiveHandler  lora_ota.o
    0x08000e44   0x08000e44   0x000000ac   Code   RO            4    .text.loraHandle    main.o
    0x08000ef0   0x08000ef0   0x00000058   Code   RO            2    .text.main          main.o
    0x08000f48   0x08000f48   0x0000001c   Code   RO          122    .text.otaNodeInit   lora_ota.o
    0x08000f64   0x08000f64   0x00000020   Code   RO           54    .text.reflect       crc.o
    0x08000f84   0x08000f84   0x000000c4   Code   RO          393    x$fpl$fadd          fz_ws.l(faddsub_clz.o)
    0x08001048   0x08001048   0x00000054   Code   RO          399    x$fpl$fcmp          fz_ws.l(fcmp.o)
    0x0800109c   0x0800109c   0x00000018   Code   RO          446    x$fpl$fcmpinf       fz_ws.l(fcmpi.o)
    0x080010b4   0x080010b4   0x00000068   Code   RO          420    x$fpl$feqf          fz_ws.l(feqf.o)
    0x0800111c   0x0800111c   0x00000036   Code   RO          401    x$fpl$ffix          fz_ws.l(ffix.o)
    0x08001152   0x08001152   0x00000002   PAD
    0x08001154   0x08001154   0x0000003e   Code   RO          405    x$fpl$ffixu         fz_ws.l(ffixu.o)
    0x08001192   0x08001192   0x00000002   PAD
    0x08001194   0x08001194   0x00000030   Code   RO          410    x$fpl$fflt          fz_ws.l(fflt_clz.o)
    0x080011c4   0x080011c4   0x00000026   Code   RO          409    x$fpl$ffltu         fz_ws.l(fflt_clz.o)
    0x080011ea   0x080011ea   0x00000002   PAD
    0x080011ec   0x080011ec   0x00000068   Code   RO          422    x$fpl$fgeqf         fz_ws.l(fgeqf.o)
    0x08001254   0x08001254   0x00000068   Code   RO          424    x$fpl$fleqf         fz_ws.l(fleqf.o)
    0x080012bc   0x080012bc   0x00000102   Code   RO          415    x$fpl$fmul          fz_ws.l(fmul.o)
    0x080013be   0x080013be   0x0000008c   Code   RO          426    x$fpl$fnaninf       fz_ws.l(fnaninf.o)
    0x0800144a   0x0800144a   0x0000000a   Code   RO          428    x$fpl$fretinf       fz_ws.l(fretinf.o)
    0x08001454   0x08001454   0x000000ea   Code   RO          395    x$fpl$fsub          fz_ws.l(faddsub_clz.o)
    0x0800153e   0x0800153e   0x00000000   Code   RO          430    x$fpl$usenofp       fz_ws.l(usenofp.o)
    0x0800153e   0x0800153e   0x00000004   Data   RO          279    .rodata.ADCPrescTable  stm32f10x_rcc.o
    0x08001542   0x08001542   0x00000010   Data   RO          278    .rodata.APBAHBPrescTable  stm32f10x_rcc.o
    0x08001552   0x08001552   0x00000002   PAD
    0x08001554   0x08001554   0x00000010   Data   RO          592    Region$$Table       anon$$obj.o


    Execution Region RW_IRAM1 (Exec base: 0x20000000, Load base: 0x08001564, Size: 0x00000b20, Max: 0x00005000, ABSOLUTE)

    Exec Addr    Load Addr    Size         Type   Attr      Idx    E Section Name        Object

    0x20000000        -       0x00000060   Zero   RW          459    .bss                c_wu.l(libspace.o)
    0x20000060        -       0x00000002   Zero   RW           44    .bss..L_MergedGlobals  uart.o
    0x20000062        -       0x00000400   Zero   RW            6    .bss.firmware_receive_buffer  main.o
    0x20000462   0x08001564   0x00000002   PAD
    0x20000464        -       0x000000a0   Zero   RW           89    .bss.lora_fsm_frame  lora.o
    0x20000504        -       0x0000001c   Zero   RW          136    .bss.ota_node       lora_ota.o
    0x20000520        -       0x00000200   Zero   RW          356    HEAP                startup_stm32f10x_md.o
    0x20000720        -       0x00000400   Zero   RW          355    STACK               startup_stm32f10x_md.o


==============================================================================

Image component sizes


      Code (inc. data)   RO Data    RW Data    ZI Data      Debug   Object Name

       116          4          0          0          0       2203   crc.o
       468          6          0          0        160       4937   lora.o
       464         18          0          0         28       6758   lora_ota.o
       260         56          0          0       1024       3774   main.o
        64         26        236          0       1536        832   startup_stm32f10x_md.o
       296          4          0          0          0       5694   stm32f10x_gpio.o
       156         24         20          0          0       7947   stm32f10x_rcc.o
       330          0          0          0          0       7574   stm32f10x_usart.o
       240         20          0          0          0       2688   system_stm32f10x.o
       700         48          0          0          2       7536   uart.o

    ----------------------------------------------------------------------
      3102        206        274          0       2752      49943   Object Totals
         0          0         16          0          0          0   (incl. Generated)
         8          0          2          0          2          0   (incl. Padding)

    ----------------------------------------------------------------------

      Code (inc. data)   RO Data    RW Data    ZI Data      Debug   Library Member Name

         8          0          0          0          0         68   __main.o
         0          0          0          0          0          0   __rtentry.o
        12          0          0          0          0          0   __rtentry2.o
         6          0          0          0          0          0   __rtentry4.o
        52          8          0          0          0          0   __scatter.o
        28          0          0          0          0          0   __scatter_zi.o
        18          0          0          0          0         80   exit.o
         6          0          0          0          0        152   heapauxi.o
         0          0          0          0          0          0   indicate_semi.o
         2          0          0          0          0          0   libinit.o
         2          0          0          0          0          0   libinit2.o
         2          0          0          0          0          0   libshutdown.o
         2          0          0          0          0          0   libshutdown2.o
         8          4          0          0         96         68   libspace.o
        68          0          0          0          0         68   rt_memclr.o
        78          0          0          0          0         80   rt_memclr_w.o
       138          0          0          0          0         68   rt_memcpy_v6.o
       100          0          0          0          0         80   rt_memcpy_w.o
         2          0          0          0          0          0   rtexit.o
        10          0          0          0          0          0   rtexit2.o
        12          4          0          0          0         68   sys_exit.o
        74          0          0          0          0         80   sys_stackheap_outer.o
         2          0          0          0          0         68   use_no_semi.o
       430          8          0          0          0        168   faddsub_clz.o
        84          0          0          0          0        196   fcmp.o
        24          0          0          0          0         68   fcmpi.o
       104          4          0          0          0         84   feqf.o
        54          4          0          0          0         84   ffix.o
        62          4          0          0          0         84   ffixu.o
        86          0          0          0          0        136   fflt_clz.o
       104          4          0          0          0         84   fgeqf.o
       104          4          0          0          0         84   fleqf.o
       258          4          0          0          0         84   fmul.o
       140          4          0          0          0         84   fnaninf.o
        10          0          0          0          0         68   fretinf.o
         0          0          0          0          0          0   usenofp.o

    ----------------------------------------------------------------------
      2100         52          0          0         96       2104   Library Totals
        10          0          0          0          0          0   (incl. Padding)

    ----------------------------------------------------------------------

      Code (inc. data)   RO Data    RW Data    ZI Data      Debug   Library Name

       630         16          0          0         96        880   c_wu.l
      1460         36          0          0          0       1224   fz_ws.l

    ----------------------------------------------------------------------
      2100         52          0          0         96       2104   Library Totals

    ----------------------------------------------------------------------

==============================================================================


      Code (inc. data)   RO Data    RW Data    ZI Data      Debug   

      5202        258        274          0       2848      50807   Grand Totals
      5202        258        274          0       2848      50807   ELF Image Totals
      5202        258        274          0          0          0   ROM Totals

==============================================================================

    Total RO  Size (Code + RO Data)                 5476 (   5.35kB)
    Total RW  Size (RW Data + ZI Data)              2848 (   2.78kB)
    Total ROM Size (Code + RO Data + RW Data)       5476 (   5.35kB)

==============================================================================

